Component: ARM Compiler 5.06 update 4 (build 422) Tool: armlink [4d35d2]

==============================================================================

Section Cross References

    application.o(.text) refers to _printf_percent.o(.ARM.Collect$$_printf_percent$$00000000) for _printf_percent
    application.o(.text) refers to _printf_d.o(.ARM.Collect$$_printf_percent$$00000009) for _printf_d
    application.o(.text) refers to _printf_s.o(.ARM.Collect$$_printf_percent$$00000014) for _printf_s
    application.o(.text) refers to _printf_dec.o(.text) for _printf_int_dec
    application.o(.text) refers to _printf_str.o(.text) for _printf_str
    application.o(.text) refers to pin.o(.text) for rt_pin_mode
    application.o(.text) refers to thread.o(.text) for rt_thread_delay
    application.o(.text) refers to noretval__2sprintf.o(.text) for __2sprintf
    application.o(.text) refers to strlen.o(.text) for strlen
    application.o(.text) refers to rt_memclr_w.o(.text) for __aeabi_memclr4
    application.o(.text) refers to ff.o(.text) for f_mount
    application.o(.text) refers to usart.o(.bss) for serial1
    application.o(.text) refers to application.o(.data) for Usart1
    application.o(.text) refers to application.o(.bss) for fs
    application.o(.data) refers to usart.o(.bss) for serial1
    startup.o(.text) refers to kservice.o(.text) for rt_kprintf
    startup.o(.text) refers to board.o(.text) for rt_hw_board_init
    startup.o(.text) refers to clock.o(.text) for rt_system_tick_init
    startup.o(.text) refers to object.o(.text) for rt_system_object_init
    startup.o(.text) refers to timer.o(.text) for rt_system_timer_init
    startup.o(.text) refers to mem.o(.text) for rt_system_heap_init
    startup.o(.text) refers to scheduler.o(.text) for rt_system_scheduler_init
    startup.o(.text) refers to application.o(.text) for rt_application_init
    startup.o(.text) refers to shell.o(.text) for finsh_system_init
    startup.o(.text) refers to idle.o(.text) for rt_thread_idle_init
    startup.o(.text) refers to context_rvds.o(.text) for rt_hw_interrupt_disable
    board.o(.text) refers to misc.o(.text) for NVIC_SetVectorTable
    board.o(.text) refers to stm32f4xx_rcc.o(.text) for RCC_GetClocksFreq
    board.o(.text) refers to irq.o(.text) for rt_interrupt_enter
    board.o(.text) refers to clock.o(.text) for rt_tick_increase
    board.o(.text) refers to usart.o(.text) for stm32_hw_usart_init
    board.o(.text) refers to gpio.o(.text) for stm32_hw_pin_init
    board.o(.text) refers to kservice.o(.text) for rt_console_set_device
    usart.o(.text) refers to kservice.o(.text) for rt_assert_handler
    usart.o(.text) refers to stm32f4xx_usart.o(.text) for USART_Init
    usart.o(.text) refers to stm32f4xx_dma.o(.text) for DMA_DeInit
    usart.o(.text) refers to stm32f4xx_rcc.o(.text) for RCC_AHB1PeriphClockCmd
    usart.o(.text) refers to misc.o(.text) for NVIC_Init
    usart.o(.text) refers to serial.o(.text) for rt_hw_serial_isr
    usart.o(.text) refers to irq.o(.text) for rt_interrupt_enter
    usart.o(.text) refers to usart.o(.constdata) for __FUNCTION__
    usart.o(.text) refers to usart.o(.bss) for serial1
    usart.o(.text) refers to stm32f4xx_gpio.o(.text) for GPIO_Init
    usart.o(.text) refers to usart.o(.data) for uart1
    usart.o(.constdata) refers to usart.o(.text) for stm32_configure
    usart.o(.rti_fn.1) refers to usart.o(.text) for stm32_hw_usart_init
    gpio.o(.text) refers to stm32f4xx_gpio.o(.text) for GPIO_ResetBits
    gpio.o(.text) refers to stm32f4xx_rcc.o(.text) for RCC_AHB1PeriphClockCmd
    gpio.o(.text) refers to pin.o(.text) for rt_device_pin_register
    gpio.o(.text) refers to gpio.o(.constdata) for pins
    gpio.o(.constdata) refers to gpio.o(.text) for stm32_pin_mode
    gpio.o(.rti_fn.1) refers to gpio.o(.text) for stm32_hw_pin_init
    system_stm32f4xx.o(.text) refers to system_stm32f4xx.o(.data) for SystemCoreClock
    misc.o(.text) refers to startup.o(.text) for assert_failed
    stm32f4xx_adc.o(.text) refers to stm32f4xx_rcc.o(.text) for RCC_APB2PeriphResetCmd
    stm32f4xx_adc.o(.text) refers to startup.o(.text) for assert_failed
    stm32f4xx_can.o(.text) refers to startup.o(.text) for assert_failed
    stm32f4xx_can.o(.text) refers to stm32f4xx_rcc.o(.text) for RCC_APB1PeriphResetCmd
    stm32f4xx_cryp.o(.text) refers to stm32f4xx_rcc.o(.text) for RCC_AHB2PeriphResetCmd
    stm32f4xx_cryp.o(.text) refers to startup.o(.text) for assert_failed
    stm32f4xx_cryp_aes.o(.text) refers to stm32f4xx_cryp.o(.text) for CRYP_KeyStructInit
    stm32f4xx_cryp_des.o(.text) refers to stm32f4xx_cryp.o(.text) for CRYP_KeyStructInit
    stm32f4xx_cryp_tdes.o(.text) refers to stm32f4xx_cryp.o(.text) for CRYP_KeyStructInit
    stm32f4xx_dac.o(.text) refers to stm32f4xx_rcc.o(.text) for RCC_APB1PeriphResetCmd
    stm32f4xx_dac.o(.text) refers to startup.o(.text) for assert_failed
    stm32f4xx_dbgmcu.o(.text) refers to startup.o(.text) for assert_failed
[...]
    RCC_I2SCLKConfig                         0x08003527   Thumb Code    30  stm32f4xx_rcc.o(.text)
    RCC_AHB1PeriphClockCmd                   0x08003545   Thumb Code    82  stm32f4xx_rcc.o(.text)
    RCC_AHB2PeriphClockCmd                   0x08003597   Thumb Code    82  stm32f4xx_rcc.o(.text)
    RCC_AHB3PeriphClockCmd                   0x080035e9   Thumb Code   232  stm32f4xx_rcc.o(.text)
    RCC_APB1PeriphClockCmd                   0x080036d1   Thumb Code    82  stm32f4xx_rcc.o(.text)
    RCC_APB2PeriphClockCmd                   0x08003723   Thumb Code    82  stm32f4xx_rcc.o(.text)
    RCC_AHB1PeriphResetCmd                   0x08003775   Thumb Code    82  stm32f4xx_rcc.o(.text)
    RCC_AHB2PeriphResetCmd                   0x080037c7   Thumb Code    82  stm32f4xx_rcc.o(.text)
    RCC_AHB3PeriphResetCmd                   0x08003819   Thumb Code    82  stm32f4xx_rcc.o(.text)
    RCC_APB1PeriphResetCmd                   0x0800386b   Thumb Code    82  stm32f4xx_rcc.o(.text)
    RCC_APB2PeriphResetCmd                   0x080038bd   Thumb Code    82  stm32f4xx_rcc.o(.text)
    RCC_AHB1PeriphClockLPModeCmd             0x0800390f   Thumb Code    82  stm32f4xx_rcc.o(.text)
    RCC_AHB2PeriphClockLPModeCmd             0x08003961   Thumb Code    82  stm32f4xx_rcc.o(.text)
    RCC_AHB3PeriphClockLPModeCmd             0x080039b3   Thumb Code    82  stm32f4xx_rcc.o(.text)
    RCC_APB1PeriphClockLPModeCmd             0x08003a05   Thumb Code    82  stm32f4xx_rcc.o(.text)
    RCC_APB2PeriphClockLPModeCmd             0x08003a57   Thumb Code   106  stm32f4xx_rcc.o(.text)
    RCC_ITConfig                             0x08003ac1   Thumb Code    74  stm32f4xx_rcc.o(.text)
    RCC_ClearFlag                            0x08003b0b   Thumb Code    18  stm32f4xx_rcc.o(.text)
    RCC_GetITStatus                          0x08003b1d   Thumb Code    68  stm32f4xx_rcc.o(.text)
    RCC_ClearITPendingBit                    0x08003b61   Thumb Code    34  stm32f4xx_rcc.o(.text)
    SDIO_DeInit                              0x08003b89   Thumb Code    22  stm32f4xx_sdio.o(.text)
    SDIO_Init                                0x08003b9f   Thumb Code   174  stm32f4xx_sdio.o(.text)
    SDIO_StructInit                          0x08003c4d   Thumb Code    16  stm32f4xx_sdio.o(.text)
    SDIO_ClockCmd                            0x08003c5d   Thumb Code    28  stm32f4xx_sdio.o(.text)
    SDIO_SetPowerState                       0x08003c79   Thumb Code    30  stm32f4xx_sdio.o(.text)
    SDIO_GetPowerState                       0x08003c97   Thumb Code    12  stm32f4xx_sdio.o(.text)
    SDIO_SendCommand                         0x08003ca3   Thumb Code   148  stm32f4xx_sdio.o(.text)
    SDIO_CmdStructInit                       0x08003d37   Thumb Code    14  stm32f4xx_sdio.o(.text)
    SDIO_GetCommandResponse                  0x08003d45   Thumb Code    10  stm32f4xx_sdio.o(.text)
    SDIO_GetResponse                         0x08003d4f   Thumb Code    48  stm32f4xx_sdio.o(.text)
    SDIO_DataConfig                          0x08003d7f   Thumb Code   238  stm32f4xx_sdio.o(.text)
    SDIO_DataStructInit                      0x08003e6d   Thumb Code    20  stm32f4xx_sdio.o(.text)
    SDIO_GetDataCounter                      0x08003e81   Thumb Code     8  stm32f4xx_sdio.o(.text)
    SDIO_ReadData                            0x08003e89   Thumb Code     8  stm32f4xx_sdio.o(.text)
    SDIO_WriteData                           0x08003e91   Thumb Code     8  stm32f4xx_sdio.o(.text)
    SDIO_GetFIFOCount                        0x08003e99   Thumb Code     8  stm32f4xx_sdio.o(.text)
    SDIO_StartSDIOReadWait                   0x08003ea1   Thumb Code    28  stm32f4xx_sdio.o(.text)
    SDIO_StopSDIOReadWait                    0x08003ebd   Thumb Code    30  stm32f4xx_sdio.o(.text)
    SDIO_SetSDIOReadWaitMode                 0x08003edb   Thumb Code    30  stm32f4xx_sdio.o(.text)
    SDIO_SetSDIOOperation                    0x08003ef9   Thumb Code    30  stm32f4xx_sdio.o(.text)
    SDIO_SendSDIOSuspendCmd                  0x08003f17   Thumb Code    28  stm32f4xx_sdio.o(.text)
    SDIO_CommandCompletionCmd                0x08003f33   Thumb Code    30  stm32f4xx_sdio.o(.text)
    SDIO_CEATAITCmd                          0x08003f51   Thumb Code    34  stm32f4xx_sdio.o(.text)
    SDIO_SendCEATACmd                        0x08003f73   Thumb Code   106  stm32f4xx_sdio.o(.text)
    SDIO_DMACmd                              0x08003fdd   Thumb Code    30  stm32f4xx_sdio.o(.text)
    SDIO_ITConfig                            0x08003ffb   Thumb Code    74  stm32f4xx_sdio.o(.text)
    SDIO_GetFlagStatus                       0x08004045   Thumb Code   168  stm32f4xx_sdio.o(.text)
    SDIO_ClearFlag                           0x080040ed   Thumb Code    34  stm32f4xx_sdio.o(.text)
    SDIO_GetITStatus                         0x0800410f   Thumb Code   168  stm32f4xx_sdio.o(.text)
    SDIO_ClearITPendingBit                   0x080041b7   Thumb Code    34  stm32f4xx_sdio.o(.text)
    USART_DeInit                             0x080041e5   Thumb Code   202  stm32f4xx_usart.o(.text)
    USART_Init                               0x080042af   Thumb Code   456  stm32f4xx_usart.o(.text)
    USART_StructInit                         0x08004477   Thumb Code    24  stm32f4xx_usart.o(.text)
    USART_ClockInit                          0x0800448f   Thumb Code   166  stm32f4xx_usart.o(.text)
    USART_ClockStructInit                    0x08004535   Thumb Code    12  stm32f4xx_usart.o(.text)
    USART_Cmd                                0x08004541   Thumb Code    96  stm32f4xx_usart.o(.text)
    USART_SetPrescaler                       0x080045a1   Thumb Code   160  stm32f4xx_usart.o(.text)
    USART_OverSampling8Cmd                   0x08004641   Thumb Code    98  stm32f4xx_usart.o(.text)
    USART_OneBitMethodCmd                    0x080046a3   Thumb Code   100  stm32f4xx_usart.o(.text)
    USART_SendData                           0x08004707   Thumb Code    84  stm32f4xx_usart.o(.text)
    USART_ReceiveData                        0x0800475b   Thumb Code    62  stm32f4xx_usart.o(.text)
    USART_SetAddress                         0x08004799   Thumb Code    92  stm32f4xx_usart.o(.text)
    USART_ReceiverWakeUpCmd                  0x080047f5   Thumb Code   100  stm32f4xx_usart.o(.text)
    USART_WakeUpConfig                       0x08004859   Thumb Code    96  stm32f4xx_usart.o(.text)
    USART_LINBreakDetectLengthConfig         0x080048b9   Thumb Code    94  stm32f4xx_usart.o(.text)
    USART_LINCmd                             0x08004917   Thumb Code   100  stm32f4xx_usart.o(.text)
    USART_SendBreak                          0x0800497b   Thumb Code    64  stm32f4xx_usart.o(.text)
    USART_HalfDuplexCmd                      0x080049bb   Thumb Code   100  stm32f4xx_usart.o(.text)
    USART_SetGuardTime                       0x08004a1f   Thumb Code    86  stm32f4xx_usart.o(.text)
    USART_SmartCardCmd                       0x08004a75   Thumb Code    88  stm32f4xx_usart.o(.text)
    USART_SmartCardNACKCmd                   0x08004acd   Thumb Code    88  stm32f4xx_usart.o(.text)
    USART_IrDAConfig                         0x08004b25   Thumb Code    94  stm32f4xx_usart.o(.text)
    USART_IrDACmd                            0x08004b83   Thumb Code   100  stm32f4xx_usart.o(.text)
    USART_DMACmd                             0x08004be7   Thumb Code   120  stm32f4xx_usart.o(.text)
    USART_ITConfig                           0x08004c5f   Thumb Code   268  stm32f4xx_usart.o(.text)
    USART_GetFlagStatus                      0x08004d6b   Thumb Code   176  stm32f4xx_usart.o(.text)
    USART_ClearFlag                          0x08004e1b   Thumb Code   160  stm32f4xx_usart.o(.text)
    USART_GetITStatus                        0x08004ebb   Thumb Code   284  stm32f4xx_usart.o(.text)
    USART_ClearITPendingBit                  0x08004fd7   Thumb Code   170  stm32f4xx_usart.o(.text)
    Reset_Handler                            0x08005099   Thumb Code     8  startup_stm32f4xx.o(.text)
    DebugMon_Handler                         0x080050ad   Thumb Code     2  startup_stm32f4xx.o(.text)
    ADC_IRQHandler                           0x080050b3   Thumb Code     0  startup_stm32f4xx.o(.text)
    CAN1_RX0_IRQHandler                      0x080050b3   Thumb Code     0  startup_stm32f4xx.o(.text)
    CAN1_RX1_IRQHandler                      0x080050b3   Thumb Code     0  startup_stm32f4xx.o(.text)
    CAN1_SCE_IRQHandler                      0x080050b3   Thumb Code     0  startup_stm32f4xx.o(.text)
    CAN1_TX_IRQHandler                       0x080050b3   Thumb Code     0  startup_stm32f4xx.o(.text)
    CAN2_RX0_IRQHandler                      0x080050b3   Thumb Code     0  startup_stm32f4xx.o(.text)
    CAN2_RX1_IRQHandler                      0x080050b3   Thumb Code     0  startup_stm32f4xx.o(.text)
    CAN2_SCE_IRQHandler                      0x080050b3   Thumb Code     0  startup_stm32f4xx.o(.text)
    CAN2_TX_IRQHandler                       0x080050b3   Thumb Code     0  startup_stm32f4xx.o(.text)
    CRYP_IRQHandler                          0x080050b3   Thumb Code     0  startup_stm32f4xx.o(.text)
    DCMI_IRQHandler                          0x080050b3   Thumb Code     0  startup_stm32f4xx.o(.text)
    DMA1_Stream0_IRQHandler                  0x080050b3   Thumb Code     0  startup_stm32f4xx.o(.text)
    DMA1_Stream2_IRQHandler                  0x080050b3   Thumb Code     0  startup_stm32f4xx.o(.text)
    DMA1_Stream3_IRQHandler                  0x080050b3   Thumb Code     0  startup_stm32f4xx.o(.text)
    DMA1_Stream4_IRQHandler                  0x080050b3   Thumb Code     0  startup_stm32f4xx.o(.text)
    DMA1_Stream6_IRQHandler                  0x080050b3   Thumb Code     0  startup_stm32f4xx.o(.text)
    DMA1_Stream7_IRQHandler                  0x080050b3   Thumb Code     0  startup_stm32f4xx.o(.text)
    DMA2_Stream0_IRQHandler                  0x080050b3   Thumb Code     0  startup_stm32f4xx.o(.text)
    DMA2_Stream1_IRQHandler                  0x080050b3   Thumb Code     0  startup_stm32f4xx.o(.text)
    DMA2_Stream2_IRQHandler                  0x080050b3   Thumb Code     0  startup_stm32f4xx.o(.text)
    DMA2_Stream4_IRQHandler                  0x080050b3   Thumb Code     0  startup_stm32f4xx.o(.text)
    DMA2_Stream6_IRQHandler                  0x080050b3   Thumb Code     0  startup_stm32f4xx.o(.text)
    DMA2_Stream7_IRQHandler                  0x080050b3   Thumb Code     0  startup_stm32f4xx.o(.text)
    ETH_IRQHandler                           0x080050b3   Thumb Code     0  startup_stm32f4xx.o(.text)
    ETH_WKUP_IRQHandler                      0x080050b3   Thumb Code     0  startup_stm32f4xx.o(.text)
    EXTI0_IRQHandler                         0x080050b3   Thumb Code     0  startup_stm32f4xx.o(.text)
    EXTI15_10_IRQHandler                     0x080050b3   Thumb Code     0  startup_stm32f4xx.o(.text)
    EXTI1_IRQHandler                         0x080050b3   Thumb Code     0  startup_stm32f4xx.o(.text)
    EXTI2_IRQHandler                         0x080050b3   Thumb Code     0  startup_stm32f4xx.o(.text)
    EXTI3_IRQHandler                         0x080050b3   Thumb Code     0  startup_stm32f4xx.o(.text)
    EXTI4_IRQHandler                         0x080050b3   Thumb Code     0  startup_stm32f4xx.o(.text)
    EXTI9_5_IRQHandler                       0x080050b3   Thumb Code     0  startup_stm32f4xx.o(.text)
    FLASH_IRQHandler                         0x080050b3   Thumb Code     0  startup_stm32f4xx.o(.text)
    FPU_IRQHandler                           0x080050b3   Thumb Code     0  startup_stm32f4xx.o(.text)
    FSMC_IRQHandler                          0x080050b3   Thumb Code     0  startup_stm32f4xx.o(.text)
    HASH_RNG_IRQHandler                      0x080050b3   Thumb Code     0  startup_stm32f4xx.o(.text)
    I2C1_ER_IRQHandler                       0x080050b3   Thumb Code     0  startup_stm32f4xx.o(.text)
    I2C1_EV_IRQHandler                       0x080050b3   Thumb Code     0  startup_stm32f4xx.o(.text)
    I2C2_ER_IRQHandler                       0x080050b3   Thumb Code     0  startup_stm32f4xx.o(.text)
    I2C2_EV_IRQHandler                       0x080050b3   Thumb Code     0  startup_stm32f4xx.o(.text)
    I2C3_ER_IRQHandler                       0x080050b3   Thumb Code     0  startup_stm32f4xx.o(.text)
    I2C3_EV_IRQHandler                       0x080050b3   Thumb Code     0  startup_stm32f4xx.o(.text)
    OTG_FS_IRQHandler                        0x080050b3   Thumb Code     0  startup_stm32f4xx.o(.text)
    OTG_FS_WKUP_IRQHandler                   0x080050b3   Thumb Code     0  startup_stm32f4xx.o(.text)
    OTG_HS_EP1_IN_IRQHandler                 0x080050b3   Thumb Code     0  startup_stm32f4xx.o(.text)
    OTG_HS_EP1_OUT_IRQHandler                0x080050b3   Thumb Code     0  startup_stm32f4xx.o(.text)
    OTG_HS_IRQHandler                        0x080050b3   Thumb Code     0  startup_stm32f4xx.o(.text)
    OTG_HS_WKUP_IRQHandler                   0x080050b3   Thumb Code     0  startup_stm32f4xx.o(.text)
    PVD_IRQHandler                           0x080050b3   Thumb Code     0  startup_stm32f4xx.o(.text)
    RCC_IRQHandler                           0x080050b3   Thumb Code     0  startup_stm32f4xx.o(.text)
    RTC_Alarm_IRQHandler                     0x080050b3   Thumb Code     0  startup_stm32f4xx.o(.text)
    RTC_WKUP_IRQHandler                      0x080050b3   Thumb Code     0  startup_stm32f4xx.o(.text)
    SPI1_IRQHandler                          0x080050b3   Thumb Code     0  startup_stm32f4xx.o(.text)
    SPI2_IRQHandler                          0x080050b3   Thumb Code     0  startup_stm32f4xx.o(.text)
    SPI3_IRQHandler                          0x080050b3   Thumb Code     0  startup_stm32f4xx.o(.text)
    TAMP_STAMP_IRQHandler                    0x080050b3   Thumb Code     0  startup_stm32f4xx.o(.text)
    TIM1_BRK_TIM9_IRQHandler                 0x080050b3   Thumb Code     0  startup_stm32f4xx.o(.text)
    TIM1_CC_IRQHandler                       0x080050b3   Thumb Code     0  startup_stm32f4xx.o(.text)
    TIM1_TRG_COM_TIM11_IRQHandler            0x080050b3   Thumb Code     0  startup_stm32f4xx.o(.text)
    TIM1_UP_TIM10_IRQHandler                 0x080050b3   Thumb Code     0  startup_stm32f4xx.o(.text)
    TIM2_IRQHandler                          0x080050b3   Thumb Code     0  startup_stm32f4xx.o(.text)
    TIM3_IRQHandler                          0x080050b3   Thumb Code     0  startup_stm32f4xx.o(.text)
    TIM4_IRQHandler                          0x080050b3   Thumb Code     0  startup_stm32f4xx.o(.text)
    TIM5_IRQHandler                          0x080050b3   Thumb Code     0  startup_stm32f4xx.o(.text)
    TIM6_DAC_IRQHandler                      0x080050b3   Thumb Code     0  startup_stm32f4xx.o(.text)
    TIM7_IRQHandler                          0x080050b3   Thumb Code     0  startup_stm32f4xx.o(.text)
    TIM8_BRK_TIM12_IRQHandler                0x080050b3   Thumb Code     0  startup_stm32f4xx.o(.text)
    TIM8_CC_IRQHandler                       0x080050b3   Thumb Code     0  startup_stm32f4xx.o(.text)
    TIM8_TRG_COM_TIM14_IRQHandler            0x080050b3   Thumb Code     0  startup_stm32f4xx.o(.text)
    TIM8_UP_TIM13_IRQHandler                 0x080050b3   Thumb Code     0  startup_stm32f4xx.o(.text)
    UART4_IRQHandler                         0x080050b3   Thumb Code     0  startup_stm32f4xx.o(.text)
    UART5_IRQHandler                         0x080050b3   Thumb Code     0  startup_stm32f4xx.o(.text)
    USART6_IRQHandler                        0x080050b3   Thumb Code     0  startup_stm32f4xx.o(.text)
    WWDG_IRQHandler                          0x080050b3   Thumb Code     0  startup_stm32f4xx.o(.text)
    __user_initial_stackheap                 0x080050b5   Thumb Code     0  startup_stm32f4xx.o(.text)
    rt_system_tick_init                      0x080050d9   Thumb Code     2  clock.o(.text)
    rt_tick_get                              0x080050db   Thumb Code     6  clock.o(.text)
    rt_tick_set                              0x080050e1   Thumb Code    22  clock.o(.text)
    rt_tick_increase                         0x080050f7   Thumb Code    42  clock.o(.text)
    rt_tick_from_millisecond                 0x08005121   Thumb Code    22  clock.o(.text)
    rt_device_find                           0x0800513d   Thumb Code    76  device.o(.text)
    rt_device_register                       0x08005189   Thumb Code    52  device.o(.text)
    rt_device_unregister                     0x080051bd   Thumb Code    26  device.o(.text)
    rt_device_init_all                       0x080051d7   Thumb Code     4  device.o(.text)
    rt_device_init                           0x080051db   Thumb Code    64  device.o(.text)
    rt_device_open                           0x0800521b   Thumb Code   136  device.o(.text)
    rt_device_close                          0x080052a3   Thumb Code    68  device.o(.text)
    rt_device_read                           0x080052e7   Thumb Code    76  device.o(.text)
    rt_device_write                          0x08005333   Thumb Code    76  device.o(.text)
    rt_device_control                        0x0800537f   Thumb Code    42  device.o(.text)
    rt_device_set_rx_indicate                0x080053a9   Thumb Code    26  device.o(.text)
    rt_device_set_tx_complete                0x080053c3   Thumb Code    26  device.o(.text)
    rt_thread_idle_sethook                   0x08005461   Thumb Code     6  idle.o(.text)
    rt_thread_idle_excute                    0x08005467   Thumb Code   154  idle.o(.text)
    rt_thread_idle_init                      0x08005515   Thumb Code    38  idle.o(.text)
    rt_sem_init                              0x08005641   Thumb Code    50  ipc.o(.text)
    rt_sem_detach                            0x08005673   Thumb Code    34  ipc.o(.text)
    rt_sem_create                            0x08005695   Thumb Code    84  ipc.o(.text)
    rt_sem_delete                            0x080056e9   Thumb Code    78  ipc.o(.text)
    rt_sem_take                              0x08005737   Thumb Code   266  ipc.o(.text)
    rt_sem_trytake                           0x08005841   Thumb Code    14  ipc.o(.text)
    rt_sem_release                           0x0800584f   Thumb Code    80  ipc.o(.text)
    rt_sem_control                           0x0800589f   Thumb Code    68  ipc.o(.text)
    rt_mutex_init                            0x080058e3   Thumb Code    58  ipc.o(.text)
    rt_mutex_detach                          0x0800591d   Thumb Code    36  ipc.o(.text)
    rt_mutex_create                          0x08005941   Thumb Code    96  ipc.o(.text)
    rt_mutex_delete                          0x080059a1   Thumb Code    78  ipc.o(.text)
    rt_mutex_take                            0x080059ef   Thumb Code   524  ipc.o(.text)
    rt_mutex_release                         0x08005bfb   Thumb Code   272  ipc.o(.text)
    rt_mutex_control                         0x08005d0b   Thumb Code     8  ipc.o(.text)
    rt_event_init                            0x08005d13   Thumb Code    46  ipc.o(.text)
    rt_event_detach                          0x08005d41   Thumb Code    36  ipc.o(.text)
    rt_event_create                          0x08005d65   Thumb Code    88  ipc.o(.text)
    rt_event_delete                          0x08005dbd   Thumb Code    82  ipc.o(.text)
    rt_event_send                            0x08005e0f   Thumb Code   210  ipc.o(.text)
    rt_event_recv                            0x08005ee1   Thumb Code   448  ipc.o(.text)
    rt_event_control                         0x080060a1   Thumb Code    70  ipc.o(.text)
    rt_mb_init                               0x080060e7   Thumb Code    76  ipc.o(.text)
    rt_mb_detach                             0x08006133   Thumb Code    44  ipc.o(.text)
    rt_mb_create                             0x0800615f   Thumb Code   128  ipc.o(.text)
    rt_mb_delete                             0x080061df   Thumb Code    96  ipc.o(.text)
    rt_mb_send_wait                          0x0800623f   Thumb Code   436  ipc.o(.text)
    rt_mb_send                               0x080063f3   Thumb Code    18  ipc.o(.text)
    rt_mb_recv                               0x08006405   Thumb Code   412  ipc.o(.text)
    rt_mb_control                            0x080065a1   Thumb Code    82  ipc.o(.text)
    rt_mq_init                               0x080065f3   Thumb Code   118  ipc.o(.text)
    rt_mq_detach                             0x08006669   Thumb Code    36  ipc.o(.text)
    rt_mq_delete                             0x0800668d   Thumb Code    88  ipc.o(.text)
    rt_mq_create                             0x080066e5   Thumb Code   174  ipc.o(.text)
    rt_mq_send                               0x08006793   Thumb Code   290  ipc.o(.text)
    rt_mq_urgent                             0x080068b5   Thumb Code   198  ipc.o(.text)
    rt_mq_recv                               0x0800697b   Thumb Code   438  ipc.o(.text)
    rt_mq_control                            0x08006b31   Thumb Code    98  ipc.o(.text)
    rt_interrupt_enter                       0x08006be9   Thumb Code    30  irq.o(.text)
    rt_interrupt_leave                       0x08006c07   Thumb Code    30  irq.o(.text)
    rt_interrupt_get_nest                    0x08006c25   Thumb Code     6  irq.o(.text)
    rt_get_errno                             0x08006c31   Thumb Code    32  kservice.o(.text)
    rt_set_errno                             0x08006c51   Thumb Code    36  kservice.o(.text)
    _rt_errno                                0x08006c75   Thumb Code    30  kservice.o(.text)
    rt_memset                                0x08006c93   Thumb Code    72  kservice.o(.text)
    rt_memcpy                                0x08006cdb   Thumb Code   124  kservice.o(.text)
    rt_memmove                               0x08006d57   Thumb Code    66  kservice.o(.text)
    rt_memcmp                                0x08006d99   Thumb Code    38  kservice.o(.text)
    rt_strlen                                0x08006dbf   Thumb Code    18  kservice.o(.text)
    rt_strstr                                0x08006dd1   Thumb Code    58  kservice.o(.text)
    rt_strcasecmp                            0x08006e0b   Thumb Code    48  kservice.o(.text)
    rt_strncpy                               0x08006e3b   Thumb Code    52  kservice.o(.text)
    rt_strncmp                               0x08006e6f   Thumb Code    40  kservice.o(.text)
    rt_strcmp                                0x08006e97   Thumb Code    28  kservice.o(.text)
    rt_strdup                                0x08006eb3   Thumb Code    40  kservice.o(.text)
    rt_hw_console_output                     0x08006edb   Thumb Code     2  kservice.o(.text)
    rt_vsnprintf                             0x08007093   Thumb Code   800  kservice.o(.text)
    rt_kprintf                               0x080073b3   Thumb Code    96  kservice.o(.text)
    rt_show_version                          0x08007413   Thumb Code    38  kservice.o(.text)
    rt_snprintf                              0x08007439   Thumb Code    38  kservice.o(.text)
    rt_vsprintf                              0x0800745f   Thumb Code    22  kservice.o(.text)
    rt_sprintf                               0x08007475   Thumb Code    34  kservice.o(.text)
    rt_console_get_device                    0x08007497   Thumb Code     6  kservice.o(.text)
    rt_console_set_device                    0x0800749d   Thumb Code    48  kservice.o(.text)
    rt_malloc_align                          0x080074cd   Thumb Code    66  kservice.o(.text)
    rt_free_align                            0x0800750f   Thumb Code    16  kservice.o(.text)
    __rt_ffs                                 0x0800751f   Thumb Code    70  kservice.o(.text)
    rt_assert_set_hook                       0x08007565   Thumb Code     6  kservice.o(.text)
    rt_assert_handler                        0x0800756b   Thumb Code    56  kservice.o(.text)
    rt_malloc_sethook                        0x0800767d   Thumb Code     6  mem.o(.text)
    rt_free_sethook                          0x08007683   Thumb Code     6  mem.o(.text)
    rt_system_heap_init                      0x08007729   Thumb Code   204  mem.o(.text)
    rt_malloc                                0x080077f5   Thumb Code   520  mem.o(.text)
    rt_free                                  0x080079fd   Thumb Code   602  mem.o(.text)
    rt_realloc                               0x08007c57   Thumb Code   312  mem.o(.text)
    rt_calloc                                0x08007d8f   Thumb Code    84  mem.o(.text)
    rt_memory_info                           0x08007de3   Thumb Code    26  mem.o(.text)
    list_mem                                 0x08007dfd   Thumb Code    34  mem.o(.text)
    rt_object_attach_sethook                 0x08007f11   Thumb Code     6  object.o(.text)
    rt_object_detach_sethook                 0x08007f17   Thumb Code     6  object.o(.text)
    rt_object_trytake_sethook                0x08007f1d   Thumb Code     6  object.o(.text)
    rt_object_take_sethook                   0x08007f23   Thumb Code     6  object.o(.text)
    rt_object_put_sethook                    0x08007f29   Thumb Code     6  object.o(.text)
    rt_system_object_init                    0x08007f2f   Thumb Code     2  object.o(.text)
    rt_object_get_information                0x08007f31   Thumb Code    10  object.o(.text)
    rt_object_init                           0x08007f3b   Thumb Code    76  object.o(.text)
    rt_object_detach                         0x08007f87   Thumb Code    56  object.o(.text)
    rt_object_allocate                       0x08007fbf   Thumb Code   132  object.o(.text)
    rt_object_delete                         0x08008043   Thumb Code    84  object.o(.text)
    rt_object_is_systemobject                0x08008097   Thumb Code    34  object.o(.text)
    rt_object_find                           0x080080b9   Thumb Code   126  object.o(.text)
    rt_scheduler_sethook                     0x080081cd   Thumb Code     6  scheduler.o(.text)
    rt_system_scheduler_init                 0x0800822d   Thumb Code    56  scheduler.o(.text)
    rt_system_scheduler_start                0x08008265   Thumb Code    36  scheduler.o(.text)
    rt_schedule                              0x08008289   Thumb Code   134  scheduler.o(.text)
    rt_schedule_insert_thread                0x0800830f   Thumb Code    82  scheduler.o(.text)
    rt_schedule_remove_thread                0x08008361   Thumb Code    94  scheduler.o(.text)
    rt_enter_critical                        0x080083bf   Thumb Code    28  scheduler.o(.text)
    rt_exit_critical                         0x080083db   Thumb Code    54  scheduler.o(.text)
    rt_critical_level                        0x08008411   Thumb Code     8  scheduler.o(.text)
    rt_thread_exit                           0x080084d5   Thumb Code    76  thread.o(.text)
    rt_thread_timeout                        0x08008521   Thumb Code    66  thread.o(.text)
    rt_thread_init                           0x080085ef   Thumb Code    74  thread.o(.text)
    rt_thread_self                           0x08008639   Thumb Code     6  thread.o(.text)
    rt_thread_resume                         0x0800863f   Thumb Code    78  thread.o(.text)
    rt_thread_startup                        0x0800868d   Thumb Code    80  thread.o(.text)
    rt_thread_detach                         0x080086dd   Thumb Code    72  thread.o(.text)
    rt_thread_create                         0x08008725   Thumb Code    80  thread.o(.text)
    rt_thread_delete                         0x08008775   Thumb Code    64  thread.o(.text)
    rt_thread_yield                          0x080087b5   Thumb Code    88  thread.o(.text)
    rt_thread_suspend                        0x0800880d   Thumb Code    76  thread.o(.text)
    rt_thread_sleep                          0x08008859   Thumb Code    76  thread.o(.text)
    rt_thread_delay                          0x080088a5   Thumb Code   208  thread.o(.text)
    rt_thread_control                        0x08008975   Thumb Code   130  thread.o(.text)
    rt_thread_find                           0x080089f7   Thumb Code    76  thread.o(.text)
    rt_timer_timeout_sethook                 0x08008a5b   Thumb Code     6  timer.o(.text)
    rt_timer_init                            0x08008aed   Thumb Code    58  timer.o(.text)
    rt_timer_detach                          0x08008b27   Thumb Code    44  timer.o(.text)
    rt_timer_create                          0x08008b53   Thumb Code    54  timer.o(.text)
    rt_timer_delete                          0x08008b89   Thumb Code    46  timer.o(.text)
    rt_timer_start                           0x08008bb7   Thumb Code   292  timer.o(.text)
    rt_timer_stop                            0x08008cdb   Thumb Code    80  timer.o(.text)
    rt_timer_control                         0x08008d2b   Thumb Code    76  timer.o(.text)
    rt_timer_check                           0x08008d77   Thumb Code   148  timer.o(.text)
    rt_timer_next_timeout_tick               0x08008e0b   Thumb Code    10  timer.o(.text)
    rt_system_timer_init                     0x08008e15   Thumb Code    24  timer.o(.text)
    rt_system_timer_thread_init              0x08008e2d   Thumb Code     2  timer.o(.text)
    rt_hw_stack_init                         0x08008ea9   Thumb Code    74  cpuport.o(.text)
    rt_hw_exception_install                  0x08008ef3   Thumb Code     6  cpuport.o(.text)
    rt_hw_hard_fault_exception               0x08008ef9   Thumb Code   112  cpuport.o(.text)
    rt_hw_cpu_shutdown                       0x08008f69   Thumb Code    20  cpuport.o(.text)
    rt_hw_interrupt_disable                  0x08009039   Thumb Code     8  context_rvds.o(.text)
    rt_hw_interrupt_enable                   0x08009041   Thumb Code     6  context_rvds.o(.text)
    rt_hw_context_switch                     0x08009047   Thumb Code    32  context_rvds.o(.text)
    rt_hw_context_switch_interrupt           0x08009047   Thumb Code     0  context_rvds.o(.text)
    PendSV_Handler                           0x08009067   Thumb Code   108  context_rvds.o(.text)
    rt_hw_context_switch_to                  0x080090d3   Thumb Code    68  context_rvds.o(.text)
    rt_hw_interrupt_thread_switch            0x08009117   Thumb Code     2  context_rvds.o(.text)
    HardFault_Handler                        0x08009119   Thumb Code    20  context_rvds.o(.text)
    rt_device_pin_register                   0x080091f5   Thumb Code    56  pin.o(.text)
    rt_pin_mode                              0x0800922d   Thumb Code    38  pin.o(.text)
    rt_pin_write                             0x08009253   Thumb Code    38  pin.o(.text)
    rt_pin_read                              0x08009279   Thumb Code    34  pin.o(.text)
    rt_hw_serial_register                    0x08009a57   Thumb Code    76  serial.o(.text)
    rt_hw_serial_isr                         0x08009aa3   Thumb Code   464  serial.o(.text)
    rt_completion_init                       0x08009ea1   Thumb Code    42  completion.o(.text)
    rt_completion_wait                       0x08009ecb   Thumb Code   198  completion.o(.text)
    rt_completion_done                       0x08009f91   Thumb Code    76  completion.o(.text)
    rt_data_queue_init                       0x0800a077   Thumb Code    78  dataqueue.o(.text)
    rt_data_queue_push                       0x0800a0c5   Thumb Code   276  dataqueue.o(.text)
    rt_data_queue_pop                        0x0800a1d9   Thumb Code   340  dataqueue.o(.text)
    rt_data_queue_peak                       0x0800a32d   Thumb Code    94  dataqueue.o(.text)
    rt_data_queue_reset                      0x0800a38b   Thumb Code   106  dataqueue.o(.text)
    finsh_set_device                         0x0800a49f   Thumb Code   156  shell.o(.text)
    finsh_get_device                         0x0800a53b   Thumb Code    28  shell.o(.text)
    finsh_set_echo                           0x0800a557   Thumb Code    30  shell.o(.text)
    finsh_get_echo                           0x0800a575   Thumb Code    32  shell.o(.text)
    finsh_run_line                           0x0800a5b1   Thumb Code   164  shell.o(.text)
    finsh_thread_entry                       0x0800a711   Thumb Code  1646  shell.o(.text)
    finsh_system_function_init               0x0800ad7f   Thumb Code    10  shell.o(.text)
    finsh_system_var_init                    0x0800ad89   Thumb Code    10  shell.o(.text)
    finsh_system_init                        0x0800ad93   Thumb Code   122  shell.o(.text)
    hello                                    0x0800ae75   Thumb Code    12  cmd.o(.text)
    version                                  0x0800ae81   Thumb Code    10  cmd.o(.text)
    list_thread                              0x0800af89   Thumb Code    10  cmd.o(.text)
    list_sem                                 0x0800b04b   Thumb Code    12  cmd.o(.text)
    list_event                               0x0800b0d5   Thumb Code    12  cmd.o(.text)
    list_mutex                               0x0800b13d   Thumb Code    12  cmd.o(.text)
    list_mailbox                             0x0800b1db   Thumb Code    12  cmd.o(.text)
    list_msgqueue                            0x0800b55d   Thumb Code    10  cmd.o(.text)
    list_mempool                             0x0800b5ed   Thumb Code    12  cmd.o(.text)
    list_timer                               0x0800b669   Thumb Code    12  cmd.o(.text)
    list_device                              0x0800b6db   Thumb Code    12  cmd.o(.text)
    list                                     0x0800b6e7   Thumb Code   126  cmd.o(.text)
    list_prefix                              0x0800b7a7   Thumb Code   980  cmd.o(.text)
    finsh_compiler_run                       0x0800d35b   Thumb Code    88  finsh_compiler.o(.text)
    finsh_error_init                         0x0800d3c5   Thumb Code     8  finsh_error.o(.text)
    finsh_error_set                          0x0800d3cd   Thumb Code    10  finsh_error.o(.text)
    finsh_errno                              0x0800d3d7   Thumb Code     6  finsh_error.o(.text)
    finsh_error_string                       0x0800d3dd   Thumb Code    10  finsh_error.o(.text)
    finsh_heap_init                          0x0800d3f1   Thumb Code    36  finsh_heap.o(.text)
    finsh_heap_free                          0x0800d515   Thumb Code    34  finsh_heap.o(.text)
    finsh_heap_allocate                      0x0800d585   Thumb Code   106  finsh_heap.o(.text)
    finsh_init                               0x0800d601   Thumb Code    30  finsh_init.o(.text)
    finsh_stack_bottom                       0x0800d61f   Thumb Code     6  finsh_init.o(.text)
    finsh_flush                              0x0800d625   Thumb Code    22  finsh_init.o(.text)
    finsh_reset                              0x0800d63b   Thumb Code    24  finsh_init.o(.text)
    finsh_node_init                          0x0800d659   Thumb Code    16  finsh_node.o(.text)
    finsh_node_allocate                      0x0800d669   Thumb Code    56  finsh_node.o(.text)
    finsh_node_new_id                        0x0800d6a1   Thumb Code   118  finsh_node.o(.text)
    finsh_node_new_char                      0x0800d717   Thumb Code    30  finsh_node.o(.text)
    finsh_node_new_int                       0x0800d735   Thumb Code    30  finsh_node.o(.text)
    finsh_node_new_long                      0x0800d753   Thumb Code    30  finsh_node.o(.text)
    finsh_node_new_string                    0x0800d771   Thumb Code    74  finsh_node.o(.text)
    finsh_node_new_ptr                       0x0800d7bb   Thumb Code    30  finsh_node.o(.text)
    OP_no_op                                 0x0800d7dd   Thumb Code     2  finsh_ops.o(.text)
    OP_add_byte                              0x0800d7df   Thumb Code    42  finsh_ops.o(.text)
    OP_add_word                              0x0800d809   Thumb Code    44  finsh_ops.o(.text)
    OP_add_dword                             0x0800d835   Thumb Code    42  finsh_ops.o(.text)
    OP_sub_byte                              0x0800d85f   Thumb Code    42  finsh_ops.o(.text)
    OP_sub_word                              0x0800d889   Thumb Code    44  finsh_ops.o(.text)
    OP_sub_dword                             0x0800d8b5   Thumb Code    42  finsh_ops.o(.text)
    OP_div_byte                              0x0800d8df   Thumb Code    44  finsh_ops.o(.text)
    OP_div_word                              0x0800d90b   Thumb Code    46  finsh_ops.o(.text)
    OP_div_dword                             0x0800d939   Thumb Code    44  finsh_ops.o(.text)
    OP_mod_byte                              0x0800d965   Thumb Code    48  finsh_ops.o(.text)
    OP_mod_word                              0x0800d995   Thumb Code    48  finsh_ops.o(.text)
    OP_mod_dword                             0x0800d9c5   Thumb Code    48  finsh_ops.o(.text)
    OP_mul_byte                              0x0800d9f5   Thumb Code    44  finsh_ops.o(.text)
    OP_mul_word                              0x0800da21   Thumb Code    46  finsh_ops.o(.text)
    OP_mul_dword                             0x0800da4f   Thumb Code    42  finsh_ops.o(.text)
    OP_and_byte                              0x0800da79   Thumb Code    42  finsh_ops.o(.text)
    OP_and_word                              0x0800daa3   Thumb Code    42  finsh_ops.o(.text)
    OP_and_dword                             0x0800dacd   Thumb Code    42  finsh_ops.o(.text)
    OP_or_byte                               0x0800daf7   Thumb Code    42  finsh_ops.o(.text)
    OP_or_word                               0x0800db21   Thumb Code    42  finsh_ops.o(.text)
    OP_or_dword                              0x0800db4b   Thumb Code    42  finsh_ops.o(.text)
    OP_xor_byte                              0x0800db75   Thumb Code    42  finsh_ops.o(.text)
    OP_xor_word                              0x0800db9f   Thumb Code    46  finsh_ops.o(.text)
    OP_xor_dword                             0x0800dbcd   Thumb Code    42  finsh_ops.o(.text)
    OP_bw_byte                               0x0800dbf7   Thumb Code    20  finsh_ops.o(.text)
    OP_bw_word                               0x0800dc0b   Thumb Code    20  finsh_ops.o(.text)
    OP_bw_dword                              0x0800dc1f   Thumb Code    20  finsh_ops.o(.text)
    OP_shl_byte                              0x0800dc33   Thumb Code    42  finsh_ops.o(.text)
    OP_shl_word                              0x0800dc5d   Thumb Code    44  finsh_ops.o(.text)
    OP_shl_dword                             0x0800dc89   Thumb Code    42  finsh_ops.o(.text)
    OP_shr_byte                              0x0800dcb3   Thumb Code    42  finsh_ops.o(.text)
    OP_shr_word                              0x0800dcdd   Thumb Code    42  finsh_ops.o(.text)
    OP_shr_dword                             0x0800dd07   Thumb Code    42  finsh_ops.o(.text)
    OP_ld_byte                               0x0800dd31   Thumb Code    34  finsh_ops.o(.text)
    OP_ld_word                               0x0800dd53   Thumb Code    46  finsh_ops.o(.text)
    OP_ld_dword                              0x0800dd81   Thumb Code    64  finsh_ops.o(.text)
    OP_ld_value_byte                         0x0800ddc1   Thumb Code    66  finsh_ops.o(.text)
    OP_ld_value_byte_stack                   0x0800de03   Thumb Code    20  finsh_ops.o(.text)
    OP_ld_value_word                         0x0800de17   Thumb Code    66  finsh_ops.o(.text)
    OP_ld_value_word_stack                   0x0800de59   Thumb Code    20  finsh_ops.o(.text)
    OP_ld_value_dword                        0x0800de6d   Thumb Code    66  finsh_ops.o(.text)
    OP_ld_value_dword_stack                  0x0800deaf   Thumb Code    20  finsh_ops.o(.text)
    OP_st_byte                               0x0800dec3   Thumb Code    30  finsh_ops.o(.text)
    OP_st_word                               0x0800dee1   Thumb Code    30  finsh_ops.o(.text)
    OP_st_dword                              0x0800deff   Thumb Code    30  finsh_ops.o(.text)
    OP_pop                                   0x0800df1d   Thumb Code    12  finsh_ops.o(.text)
    OP_call                                  0x0800df29   Thumb Code   906  finsh_ops.o(.text)
    finsh_parser_run                         0x0800eb49   Thumb Code   220  finsh_parser.o(.text)
    finsh_parser_init                        0x0800ec25   Thumb Code    16  finsh_parser.o(.text)
    finsh_var_init                           0x0800ec35   Thumb Code    14  finsh_var.o(.text)
    finsh_var_insert                         0x0800ec43   Thumb Code   114  finsh_var.o(.text)
    finsh_var_delete                         0x0800ecb5   Thumb Code    68  finsh_var.o(.text)
    finsh_var_lookup                         0x0800ecf9   Thumb Code    58  finsh_var.o(.text)
    finsh_sysvar_append                      0x0800ed33   Thumb Code    62  finsh_var.o(.text)
    finsh_sysvar_lookup                      0x0800ed71   Thumb Code    78  finsh_var.o(.text)
    finsh_vm_run                             0x0800edd1   Thumb Code    62  finsh_vm.o(.text)
    finsh_syscall_append                     0x0800ee0f   Thumb Code    54  finsh_vm.o(.text)
    finsh_syscall_lookup                     0x0800ee45   Thumb Code    78  finsh_vm.o(.text)
    finsh_token_init                         0x0800eeb5   Thumb Code    20  finsh_token.o(.text)
    token_get_string                         0x0800f2cd   Thumb Code   120  finsh_token.o(.text)
    finsh_token_token                        0x0800f505   Thumb Code    24  finsh_token.o(.text)
    finsh_token_get_token                    0x0800f51d   Thumb Code    20  finsh_token.o(.text)
    disk_status                              0x0800f535   Thumb Code    28  diskio.o(.text)
    disk_initialize                          0x0800f551   Thumb Code    42  diskio.o(.text)
    disk_read                                0x0800f57b   Thumb Code   180  diskio.o(.text)
    disk_write                               0x0800f62f   Thumb Code   186  diskio.o(.text)
    disk_ioctl                               0x0800f6e9   Thumb Code   102  diskio.o(.text)
    get_fattime                              0x0800f74f   Thumb Code     4  diskio.o(.text)
    clust2sect                               0x0800f913   Thumb Code    26  ff.o(.text)
    get_fat                                  0x0800f92d   Thumb Code   318  ff.o(.text)
    put_fat                                  0x0800fa6b   Thumb Code   392  ff.o(.text)
    f_mount                                  0x08010e6d   Thumb Code    86  ff.o(.text)
    f_open                                   0x08010ec3   Thumb Code   382  ff.o(.text)
    f_read                                   0x08011041   Thumb Code   480  ff.o(.text)
    f_write                                  0x08011221   Thumb Code   524  ff.o(.text)
    f_sync                                   0x0801142d   Thumb Code   176  ff.o(.text)
    f_close                                  0x080114dd   Thumb Code    32  ff.o(.text)
    f_lseek                                  0x080114fd   Thumb Code   410  ff.o(.text)
    f_opendir                                0x08011697   Thumb Code   118  ff.o(.text)
    f_closedir                               0x0801170d   Thumb Code    22  ff.o(.text)
    f_readdir                                0x08011723   Thumb Code   100  ff.o(.text)
    f_stat                                   0x08011787   Thumb Code    68  ff.o(.text)
    f_getfree                                0x080117cb   Thumb Code   258  ff.o(.text)
    f_truncate                               0x080118cd   Thumb Code   184  ff.o(.text)
    f_unlink                                 0x08011985   Thumb Code   174  ff.o(.text)
    f_mkdir                                  0x08011a33   Thumb Code   358  ff.o(.text)
    f_chmod                                  0x08011b99   Thumb Code    92  ff.o(.text)
    f_rename                                 0x08011bf5   Thumb Code   266  ff.o(.text)
    f_utime                                  0x08011cff   Thumb Code    94  ff.o(.text)
    f_mkfs                                   0x08011d5d   Thumb Code  1622  ff.o(.text)
    ff_convert                               0x080123e1   Thumb Code   116  cc936.o(.text)
    ff_wtoupper                              0x08012455   Thumb Code    84  cc936.o(.text)
    SD_LowLevel_DeInit                       0x080124b9   Thumb Code   140  bsp_sdio_sd.o(.text)
    SD_LowLevel_Init                         0x08012545   Thumb Code   156  bsp_sdio_sd.o(.text)
    SD_LowLevel_DMA_TxConfig                 0x080125e1   Thumb Code   136  bsp_sdio_sd.o(.text)
    SD_LowLevel_DMA_RxConfig                 0x08012669   Thumb Code   136  bsp_sdio_sd.o(.text)
    SD_DeInit                                0x080126f1   Thumb Code     8  bsp_sdio_sd.o(.text)
    SD_EnableWideBusOperation                0x08012add   Thumb Code   136  bsp_sdio_sd.o(.text)
    SD_SelectDeselect                        0x08012b65   Thumb Code    50  bsp_sdio_sd.o(.text)
    SD_GetCardInfo                           0x08012b97   Thumb Code   806  bsp_sdio_sd.o(.text)
    SD_InitializeCards                       0x08012f9b   Thumb Code   294  bsp_sdio_sd.o(.text)
    SD_PowerON                               0x08013181   Thumb Code   400  bsp_sdio_sd.o(.text)
    SD_Init                                  0x08013311   Thumb Code   182  bsp_sdio_sd.o(.text)
    SD_SendStatus                            0x080133c7   Thumb Code    74  bsp_sdio_sd.o(.text)
    SD_Detect                                0x08013411   Thumb Code    12  bsp_sdio_sd.o(.text)
    SD_GetState                              0x0801341d   Thumb Code    38  bsp_sdio_sd.o(.text)
    SD_GetStatus                             0x08013443   Thumb Code    30  bsp_sdio_sd.o(.text)
    SD_PowerOFF                              0x08013461   Thumb Code    14  bsp_sdio_sd.o(.text)
    SD_SendSDStatus                          0x0801346f   Thumb Code   400  bsp_sdio_sd.o(.text)
    SD_GetCardStatus                         0x080135ff   Thumb Code   156  bsp_sdio_sd.o(.text)
    SD_ReadBlock                             0x0801369b   Thumb Code   210  bsp_sdio_sd.o(.text)
    SD_ReadMultiBlocks                       0x0801376d   Thumb Code   220  bsp_sdio_sd.o(.text)
    SD_StopTransfer                          0x08013849   Thumb Code    46  bsp_sdio_sd.o(.text)
    SD_WaitReadOperation                     0x08013877   Thumb Code   110  bsp_sdio_sd.o(.text)
    SD_WriteBlock                            0x080138e5   Thumb Code   208  bsp_sdio_sd.o(.text)
    SD_WriteMultiBlocks                      0x080139b5   Thumb Code   350  bsp_sdio_sd.o(.text)
    SD_WaitWriteOperation                    0x08013b13   Thumb Code   108  bsp_sdio_sd.o(.text)
    SD_GetTransferState                      0x08013b7f   Thumb Code    18  bsp_sdio_sd.o(.text)
    SD_Erase                                 0x08013d1d   Thumb Code   394  bsp_sdio_sd.o(.text)
    SD_ProcessIRQSrc                         0x08013ea7   Thumb Code   162  bsp_sdio_sd.o(.text)
    SD_ProcessDMAIRQ                         0x08013f49   Thumb Code    32  bsp_sdio_sd.o(.text)
    convert_from_bytes_to_power_of_two       0x08013f69   Thumb Code    18  bsp_sdio_sd.o(.text)
    SD_HighSpeed                             0x08013f7b   Thumb Code   410  bsp_sdio_sd.o(.text)
    SDIO_IRQHandler                          0x08014115   Thumb Code     8  bsp_sdio_sd.o(.text)
    DMA2_Stream3_IRQHandler                  0x0801411d   Thumb Code     8  bsp_sdio_sd.o(.text)
    __aeabi_uldivmod                         0x0801414d   Thumb Code     0  lludivv7m.o(.text)
    _ll_udiv                                 0x0801414d   Thumb Code   238  lludivv7m.o(.text)
    __2sprintf                               0x0801423d   Thumb Code    34  noretval__2sprintf.o(.text)
    __printf                                 0x08014265   Thumb Code   104  __printf.o(.text)
    _printf_str                              0x080142cd   Thumb Code    82  _printf_str.o(.text)
    _printf_int_dec                          0x08014321   Thumb Code   104  _printf_dec.o(.text)
    atoi                                     0x08014399   Thumb Code    26  atoi.o(.text)
    strlen                                   0x080143b3   Thumb Code    62  strlen.o(.text)
    strncmp                                  0x080143f1   Thumb Code   150  strncmp.o(.text)
    __aeabi_memcpy                           0x08014487   Thumb Code     0  rt_memcpy_v6.o(.text)
    __rt_memcpy                              0x08014487   Thumb Code   138  rt_memcpy_v6.o(.text)
    _memcpy_lastbytes                        0x080144ed   Thumb Code     0  rt_memcpy_v6.o(.text)
    __aeabi_memcpy4                          0x08014511   Thumb Code     0  rt_memcpy_w.o(.text)
    __aeabi_memcpy8                          0x08014511   Thumb Code     0  rt_memcpy_w.o(.text)
    __rt_memcpy_w                            0x08014511   Thumb Code   100  rt_memcpy_w.o(.text)
    _memcpy_lastbytes_aligned                0x08014559   Thumb Code     0  rt_memcpy_w.o(.text)
    __aeabi_memclr                           0x08014575   Thumb Code     0  rt_memclr.o(.text)
    __rt_memclr                              0x08014575   Thumb Code    68  rt_memclr.o(.text)
    _memset                                  0x08014579   Thumb Code     0  rt_memclr.o(.text)
    __aeabi_memclr4                          0x080145b9   Thumb Code     0  rt_memclr_w.o(.text)
    __aeabi_memclr8                          0x080145b9   Thumb Code     0  rt_memclr_w.o(.text)
    __rt_memclr_w                            0x080145b9   Thumb Code    78  rt_memclr_w.o(.text)
    _memset_w                                0x080145bd   Thumb Code     0  rt_memclr_w.o(.text)
    strncpy                                  0x08014607   Thumb Code    86  strncpy.o(.text)
    strcmp                                   0x0801465d   Thumb Code   128  strcmpv7m.o(.text)
    __use_two_region_memory                  0x080146dd   Thumb Code     2  heapauxi.o(.text)
    __rt_heap_escrow$2region                 0x080146df   Thumb Code     2  heapauxi.o(.text)
    __rt_heap_expand$2region                 0x080146e1   Thumb Code     2  heapauxi.o(.text)
    __aeabi_errno_addr                       0x080146e5   Thumb Code     8  rt_errno_addr_intlibspace.o(.text)
    __errno$intlibspace                      0x080146e5   Thumb Code     0  rt_errno_addr_intlibspace.o(.text)
    __rt_errno_addr$intlibspace              0x080146e5   Thumb Code     0  rt_errno_addr_intlibspace.o(.text)
    _printf_int_common                       0x080146ed   Thumb Code   178  _printf_intcommon.o(.text)
    _printf_char_common                      0x080147ab   Thumb Code    32  _printf_char_common.o(.text)
    _sputc                                   0x080147d1   Thumb Code    10  _sputc.o(.text)
    _printf_cs_common                        0x080147db   Thumb Code    20  _printf_char.o(.text)
    _printf_char                             0x080147ef   Thumb Code    16  _printf_char.o(.text)
    _printf_string                           0x080147ff   Thumb Code     8  _printf_char.o(.text)
    strtol                                   0x08014807   Thumb Code   112  strtol.o(.text)
    __user_libspace                          0x08014879   Thumb Code     8  libspace.o(.text)
    __user_perproc_libspace                  0x08014879   Thumb Code     0  libspace.o(.text)
    __user_perthread_libspace                0x08014879   Thumb Code     0  libspace.o(.text)
    __rt_ctype_table                         0x08014881   Thumb Code    16  rt_ctype_table.o(.text)
    _strtoul                                 0x08014891   Thumb Code   158  _strtoul.o(.text)
    __user_setup_stackheap                   0x0801492f   Thumb Code    74  sys_stackheap_outer.o(.text)
    __rt_locale                              0x08014979   Thumb Code     8  rt_locale_intlibspace.o(.text)
    _chval                                   0x08014981   Thumb Code    28  _chval.o(.text)
    exit                                     0x0801499d   Thumb Code    18  exit.o(.text)
    _sys_exit                                0x080149b1   Thumb Code     8  sys_exit.o(.text)
    __I$use$semihosting                      0x080149bd   Thumb Code     0  use_no_semi.o(.text)
    __use_no_semihosting_swi                 0x080149bd   Thumb Code     2  use_no_semi.o(.text)
    __semihosting_library_function           0x080149bf   Thumb Code     0  indicate_semi.o(.text)
    _get_lc_ctype                            0x080149c1   Thumb Code    44  lc_ctype_c.o(locale$$code)
    _fp_init                                 0x080149ed   Thumb Code    10  fpinit.o(x$fpl$fpinit)
    __fplib_config_fpu_vfp                   0x080149f5   Thumb Code     0  fpinit.o(x$fpl$fpinit)
    __fplib_config_pureend_doubles           0x080149f5   Thumb Code     0  fpinit.o(x$fpl$fpinit)
    __lowest_bit_bitmap                      0x08015055   Data         256  kservice.o(.constdata)
    op_table                                 0x08015624   Data         196  finsh_ops.o(.constdata)
    __fsym_list_mem_name                     0x08040ba6   Data           9  mem.o(.rodata.name)
    __fsym_list_mem_desc                     0x08040baf   Data          30  mem.o(.rodata.name)
    __fsym_pinMode_name                      0x08040bcd   Data           8  pin.o(.rodata.name)
    __fsym_pinMode_desc                      0x08040bd5   Data          22  pin.o(.rodata.name)
    __fsym_pinWrite_name                     0x08040beb   Data           9  pin.o(.rodata.name)
    __fsym_pinWrite_desc                     0x08040bf4   Data          28  pin.o(.rodata.name)
    __fsym_pinRead_name                      0x08040c10   Data           8  pin.o(.rodata.name)
    __fsym_pinRead_desc                      0x08040c18   Data          30  pin.o(.rodata.name)
    __fsym_hello_name                        0x08040c36   Data           6  cmd.o(.rodata.name)
    __fsym_hello_desc                        0x08040c3c   Data          16  cmd.o(.rodata.name)
    __fsym_version_name                      0x08040c4c   Data           8  cmd.o(.rodata.name)
    __fsym_version_desc                      0x08040c54   Data          35  cmd.o(.rodata.name)
    __fsym_list_thread_name                  0x08040c77   Data          12  cmd.o(.rodata.name)
    __fsym_list_thread_desc                  0x08040c83   Data          12  cmd.o(.rodata.name)
    __fsym_list_sem_name                     0x08040c8f   Data           9  cmd.o(.rodata.name)
    __fsym_list_sem_desc                     0x08040c98   Data          25  cmd.o(.rodata.name)
    __fsym_list_event_name                   0x08040cb1   Data          11  cmd.o(.rodata.name)
    __fsym_list_event_desc                   0x08040cbc   Data          21  cmd.o(.rodata.name)
    __fsym_list_mutex_name                   0x08040cd1   Data          11  cmd.o(.rodata.name)
    __fsym_list_mutex_desc                   0x08040cdc   Data          21  cmd.o(.rodata.name)
    __fsym_list_mailbox_name                 0x08040cf1   Data          13  cmd.o(.rodata.name)
    __fsym_list_mailbox_desc                 0x08040cfe   Data          24  cmd.o(.rodata.name)
    __fsym_list_msgqueue_name                0x08040d16   Data          14  cmd.o(.rodata.name)
    __fsym_list_msgqueue_desc                0x08040d24   Data          29  cmd.o(.rodata.name)
    __fsym_list_mempool_name                 0x08040d41   Data          13  cmd.o(.rodata.name)
    __fsym_list_mempool_desc                 0x08040d4e   Data          27  cmd.o(.rodata.name)
    __fsym_list_timer_name                   0x08040d69   Data          11  cmd.o(.rodata.name)
    __fsym_list_timer_desc                   0x08040d74   Data          21  cmd.o(.rodata.name)
    __fsym_list_device_name                  0x08040d89   Data          12  cmd.o(.rodata.name)
    __fsym_list_device_desc                  0x08040d95   Data          22  cmd.o(.rodata.name)
    __fsym_list_name                         0x08040dab   Data           5  cmd.o(.rodata.name)
    __fsym_list_desc                         0x08040db0   Data          26  cmd.o(.rodata.name)
    __vsym_dummy_name                        0x08040dca   Data           6  cmd.o(.rodata.name)
    __vsym_dummy_desc                        0x08040dd0   Data          25  cmd.o(.rodata.name)
    FSymTab$$Base                            0x08040dec   Number         0  mem.o(FSymTab)
    __fsym_list_mem                          0x08040dec   Data          12  mem.o(FSymTab)
    __fsym_pinMode                           0x08040df8   Data          12  pin.o(FSymTab)
    __fsym_pinWrite                          0x08040e04   Data          12  pin.o(FSymTab)
    __fsym_pinRead                           0x08040e10   Data          12  pin.o(FSymTab)
    __fsym_hello                             0x08040e1c   Data          12  cmd.o(FSymTab)
    __fsym_version                           0x08040e28   Data          12  cmd.o(FSymTab)
    __fsym_list_thread                       0x08040e34   Data          12  cmd.o(FSymTab)
    __fsym_list_sem                          0x08040e40   Data          12  cmd.o(FSymTab)
    __fsym_list_event                        0x08040e4c   Data          12  cmd.o(FSymTab)
    __fsym_list_mutex                        0x08040e58   Data          12  cmd.o(FSymTab)
    __fsym_list_mailbox                      0x08040e64   Data          12  cmd.o(FSymTab)
    __fsym_list_msgqueue                     0x08040e70   Data          12  cmd.o(FSymTab)
    __fsym_list_mempool                      0x08040e7c   Data          12  cmd.o(FSymTab)
    __fsym_list_timer                        0x08040e88   Data          12  cmd.o(FSymTab)
    __fsym_list_device                       0x08040e94   Data          12  cmd.o(FSymTab)
    __fsym_list                              0x08040ea0   Data          12  cmd.o(FSymTab)
    FSymTab$$Limit                           0x08040eac   Number         0  cmd.o(FSymTab)
    Region$$Table$$Base                      0x08040eac   Number         0  anon$$obj.o(Region$$Table)
    Region$$Table$$Limit                     0x08040ecc   Number         0  anon$$obj.o(Region$$Table)
    VSymTab$$Base                            0x08040ecc   Number         0  cmd.o(VSymTab)
    __vsym_dummy                             0x08040ecc   Data          16  cmd.o(VSymTab)
    VSymTab$$Limit                           0x08040edc   Number         0  cmd.o(VSymTab)
    __ctype                                  0x08040ee9   Data           0  lc_ctype_c.o(locale$$data)
    Usart1                                   0x20000000   Data           4  application.o(.data)
    res_sd                                   0x20000004   Data           1  application.o(.data)
    fnum                                     0x20000008   Data           4  application.o(.data)
    WriteBuffer                              0x2000000c   Data          70  application.o(.data)
    uart1                                    0x20000054   Data          32  usart.o(.data)
    uart2                                    0x20000074   Data          32  usart.o(.data)
    uart3                                    0x20000094   Data          32  usart.o(.data)
    SystemCoreClock                          0x200000b4   Data           4  system_stm32f4xx.o(.data)
    AHBPrescTable                            0x200000b8   Data          16  system_stm32f4xx.o(.data)
    rt_interrupt_nest                        0x200000e0   Data           1  irq.o(.data)
    rt_assert_hook                           0x200000ec   Data           4  kservice.o(.data)
    rt_object_container                      0x20000110   Data         144  object.o(.data)
    rt_object_trytake_hook                   0x200001a8   Data           4  object.o(.data)
    rt_object_take_hook                      0x200001ac   Data           4  object.o(.data)
    rt_object_put_hook                       0x200001b0   Data           4  object.o(.data)
    rt_current_thread                        0x200001b8   Data           4  scheduler.o(.data)
    rt_current_priority                      0x200001bc   Data           1  scheduler.o(.data)
    rt_thread_ready_priority_group           0x200001c0   Data           4  scheduler.o(.data)
    rt_thread_defunct                        0x200001c4   Data           8  scheduler.o(.data)
    rt_interrupt_from_thread                 0x200001e0   Data           4  cpuport.o(.data)
    rt_interrupt_to_thread                   0x200001e4   Data           4  cpuport.o(.data)
    rt_thread_switch_interrupt_flag          0x200001e8   Data           4  cpuport.o(.data)
    shell                                    0x200001f4   Data           4  shell.o(.data)
    _syscall_table_begin                     0x200001f8   Data           4  symbol.o(.data)
    _syscall_table_end                       0x200001fc   Data           4  symbol.o(.data)
    _sysvar_table_begin                      0x20000200   Data           4  symbol.o(.data)
    _sysvar_table_end                        0x20000204   Data           4  symbol.o(.data)
    finsh_compile_sp                         0x2000020c   Data           4  finsh_compiler.o(.data)
    finsh_compile_pc                         0x20000210   Data           4  finsh_compiler.o(.data)
    global_errno                             0x20000214   Data           1  finsh_error.o(.data)
    global_sysvar_list                       0x2000025c   Data           4  finsh_var.o(.data)
    finsh_sp                                 0x20000260   Data           4  finsh_vm.o(.data)
    finsh_pc                                 0x20000264   Data           4  finsh_vm.o(.data)
    global_syscall_list                      0x20000268   Data           4  finsh_vm.o(.data)
    StopCondition                            0x20000280   Data           4  bsp_sdio_sd.o(.data)
    TransferError                            0x20000284   Data           1  bsp_sdio_sd.o(.data)
    TransferEnd                              0x20000288   Data           4  bsp_sdio_sd.o(.data)
    DMAEndOfTransfer                         0x2000028c   Data           4  bsp_sdio_sd.o(.data)
    tid                                      0x20000290   Data          40  application.o(.bss)
    fs                                       0x200002b8   Data        4144  application.o(.bss)
    fnew                                     0x200012e8   Data        4132  application.o(.bss)
    ReadBuffer                               0x2000230c   Data        1024  application.o(.bss)
    serial1                                  0x2000270c   Data          84  usart.o(.bss)
    serial2                                  0x20002760   Data          84  usart.o(.bss)
    serial3                                  0x200027b4   Data          84  usart.o(.bss)
    rt_thread_priority_table                 0x20002d28   Data         256  scheduler.o(.bss)
    finsh_heap                               0x200036ec   Data         128  finsh_heap.o(.bss)
    global_node_table                        0x2000376c   Data         320  finsh_node.o(.bss)
    global_variable                          0x200038ac   Data         192  finsh_var.o(.bss)
    finsh_vm_stack                           0x2000396c   Data         256  finsh_vm.o(.bss)
    text_segment                             0x20003a6c   Data         128  finsh_vm.o(.bss)
    SDCardInfo                               0x20003b20   Data          88  bsp_sdio_sd.o(.bss)
    SDIO_InitStructure                       0x20003b78   Data          24  bsp_sdio_sd.o(.bss)
    SDIO_CmdInitStructure                    0x20003b90   Data          20  bsp_sdio_sd.o(.bss)
    SDIO_DataInitStructure                   0x20003ba4   Data          24  bsp_sdio_sd.o(.bss)
    __libspace_start                         0x20003bbc   Data          96  libspace.o(.bss)
    __temporary_stack_top$libspace           0x20003c1c   Data           0  libspace.o(.bss)
    Image$$RW_IRAM1$$ZI$$Limit               0x20004220   Number         0  anon$$obj.o ABSOLUTE



==============================================================================

Memory Map of the image

  Image Entry point : 0x08000189

  Load Region LR_IROM1 (Base: 0x08000000, Size: 0x0004127c, Max: 0x00100000, ABSOLUTE, COMPRESSED[0x000410f4])

    Execution Region ER_IROM1 (Base: 0x08000000, Size: 0x00040fec, Max: 0x00100000, ABSOLUTE)

    Base Addr    Size         Type   Attr      Idx    E Section Name        Object

    0x08000000   0x00000188   Data   RO          819    RESET               startup_stm32f4xx.o
    0x08000188   0x00000008   Code   RO         1712  * !!!main             c_w.l(__main.o)
    0x08000190   0x00000034   Code   RO         1913    !!!scatter          c_w.l(__scatter.o)
    0x080001c4   0x0000005a   Code   RO         1911    !!dczerorl2         c_w.l(__dczerorl2.o)
    0x0800021e   0x00000002   PAD
    0x08000220   0x0000001c   Code   RO         1915    !!handler_zi        c_w.l(__scatter_zi.o)
    0x0800023c   0x00000000   Code   RO         1691    .ARM.Collect$$_printf_percent$$00000000  c_w.l(_printf_percent.o)
    0x0800023c   0x00000006   Code   RO         1690    .ARM.Collect$$_printf_percent$$00000009  c_w.l(_printf_d.o)
    0x08000242   0x00000006   Code   RO         1689    .ARM.Collect$$_printf_percent$$00000014  c_w.l(_printf_s.o)
    0x08000248   0x00000004   Code   RO         1732    .ARM.Collect$$_printf_percent$$00000017  c_w.l(_printf_percent_end.o)
    0x0800024c   0x00000002   Code   RO         1784    .ARM.Collect$$libinit$$00000000  c_w.l(libinit.o)
    0x0800024e   0x00000004   Code   RO         1793    .ARM.Collect$$libinit$$00000001  c_w.l(libinit2.o)
    0x08000252   0x00000000   Code   RO         1796    .ARM.Collect$$libinit$$00000004  c_w.l(libinit2.o)
    0x08000252   0x00000000   Code   RO         1799    .ARM.Collect$$libinit$$0000000A  c_w.l(libinit2.o)
    0x08000252   0x00000000   Code   RO         1801    .ARM.Collect$$libinit$$0000000C  c_w.l(libinit2.o)
    0x08000252   0x00000000   Code   RO         1803    .ARM.Collect$$libinit$$0000000E  c_w.l(libinit2.o)
    0x08000252   0x00000006   Code   RO         1804    .ARM.Collect$$libinit$$0000000F  c_w.l(libinit2.o)
    0x08000258   0x00000000   Code   RO         1806    .ARM.Collect$$libinit$$00000011  c_w.l(libinit2.o)
    0x08000258   0x0000000c   Code   RO         1807    .ARM.Collect$$libinit$$00000012  c_w.l(libinit2.o)
    0x08000264   0x00000000   Code   RO         1808    .ARM.Collect$$libinit$$00000013  c_w.l(libinit2.o)
    0x08000264   0x00000000   Code   RO         1810    .ARM.Collect$$libinit$$00000015  c_w.l(libinit2.o)
    0x08000264   0x00000000   Code   RO         1812    .ARM.Collect$$libinit$$00000017  c_w.l(libinit2.o)
    0x08000264   0x00000000   Code   RO         1814    .ARM.Collect$$libinit$$00000019  c_w.l(libinit2.o)
    0x08000264   0x00000000   Code   RO         1816    .ARM.Collect$$libinit$$0000001B  c_w.l(libinit2.o)
    0x08000264   0x00000000   Code   RO         1818    .ARM.Collect$$libinit$$0000001D  c_w.l(libinit2.o)
    0x08000264   0x00000000   Code   RO         1820    .ARM.Collect$$libinit$$0000001F  c_w.l(libinit2.o)
    0x08000264   0x00000000   Code   RO         1822    .ARM.Collect$$libinit$$00000021  c_w.l(libinit2.o)
    0x08000264   0x00000000   Code   RO         1824    .ARM.Collect$$libinit$$00000023  c_w.l(libinit2.o)
    0x08000264   0x00000000   Code   RO         1826    .ARM.Collect$$libinit$$00000025  c_w.l(libinit2.o)
    0x08000264   0x00000000   Code   RO         1830    .ARM.Collect$$libinit$$0000002C  c_w.l(libinit2.o)
    0x08000264   0x00000000   Code   RO         1832    .ARM.Collect$$libinit$$0000002E  c_w.l(libinit2.o)
    0x08000264   0x00000000   Code   RO         1834    .ARM.Collect$$libinit$$00000030  c_w.l(libinit2.o)
    0x08000264   0x00000000   Code   RO         1836    .ARM.Collect$$libinit$$00000032  c_w.l(libinit2.o)
    0x08000264   0x00000002   Code   RO         1837    .ARM.Collect$$libinit$$00000033  c_w.l(libinit2.o)
    0x08000266   0x00000002   Code   RO         1868    .ARM.Collect$$libshutdown$$00000000  c_w.l(libshutdown.o)
    0x08000268   0x00000000   Code   RO         1894    .ARM.Collect$$libshutdown$$00000002  c_w.l(libshutdown2.o)
    0x08000268   0x00000000   Code   RO         1896    .ARM.Collect$$libshutdown$$00000004  c_w.l(libshutdown2.o)
    0x08000268   0x00000000   Code   RO         1899    .ARM.Collect$$libshutdown$$00000007  c_w.l(libshutdown2.o)
    0x08000268   0x00000000   Code   RO         1902    .ARM.Collect$$libshutdown$$0000000A  c_w.l(libshutdown2.o)
    0x08000268   0x00000000   Code   RO         1904    .ARM.Collect$$libshutdown$$0000000C  c_w.l(libshutdown2.o)
    0x08000268   0x00000000   Code   RO         1907    .ARM.Collect$$libshutdown$$0000000F  c_w.l(libshutdown2.o)
    0x08000268   0x00000002   Code   RO         1908    .ARM.Collect$$libshutdown$$00000010  c_w.l(libshutdown2.o)
    0x0800026a   0x00000000   Code   RO         1714    .ARM.Collect$$rtentry$$00000000  c_w.l(__rtentry.o)
    0x0800026a   0x00000000   Code   RO         1739    .ARM.Collect$$rtentry$$00000002  c_w.l(__rtentry2.o)
    0x0800026a   0x00000006   Code   RO         1751    .ARM.Collect$$rtentry$$00000004  c_w.l(__rtentry4.o)
    0x08000270   0x00000000   Code   RO         1741    .ARM.Collect$$rtentry$$00000009  c_w.l(__rtentry2.o)
    0x08000270   0x00000004   Code   RO         1742    .ARM.Collect$$rtentry$$0000000A  c_w.l(__rtentry2.o)
    0x08000274   0x00000000   Code   RO         1744    .ARM.Collect$$rtentry$$0000000C  c_w.l(__rtentry2.o)
    0x08000274   0x00000008   Code   RO         1745    .ARM.Collect$$rtentry$$0000000D  c_w.l(__rtentry2.o)
    0x0800027c   0x00000002   Code   RO         1785    .ARM.Collect$$rtexit$$00000000  c_w.l(rtexit.o)
    0x0800027e   0x00000000   Code   RO         1841    .ARM.Collect$$rtexit$$00000002  c_w.l(rtexit2.o)
    0x0800027e   0x00000004   Code   RO         1842    .ARM.Collect$$rtexit$$00000003  c_w.l(rtexit2.o)
    0x08000282   0x00000006   Code   RO         1843    .ARM.Collect$$rtexit$$00000004  c_w.l(rtexit2.o)
    0x08000288   0x00000228   Code   RO            2    .text               application.o
    0x080004b0   0x000000cc   Code   RO          189    .text               startup.o
    0x0800057c   0x000000b4   Code   RO          206    .text               board.o
    0x08000630   0x00000010   Code   RO          233    .text               stm32f4xx_it.o
    0x08000640   0x000005e0   Code   RO          249    .text               usart.o
    0x08000c20   0x0000010c   Code   RO          278    .text               gpio.o
    0x08000d2c   0x00000210   Code   RO          298    .text               system_stm32f4xx.o
    0x08000f3c   0x000001ec   Code   RO          320    .text               misc.o
    0x08001128   0x000013cc   Code   RO          496    .text               stm32f4xx_dma.o
    0x080024f4   0x00000916   Code   RO          560    .text               stm32f4xx_gpio.o
    0x08002e0a   0x00000002   PAD
    0x08002e0c   0x00000d7c   Code   RO          672    .text               stm32f4xx_rcc.o
    0x08003b88   0x0000065c   Code   RO          722    .text               stm32f4xx_sdio.o
    0x080041e4   0x00000eb4   Code   RO          786    .text               stm32f4xx_usart.o
    0x08005098   0x00000040   Code   RO          820    .text               startup_stm32f4xx.o
    0x080050d8   0x00000064   Code   RO          824    .text               clock.o
    0x0800513c   0x00000324   Code   RO          856    .text               device.o
    0x08005460   0x00000134   Code   RO          870    .text               idle.o
    0x08005594   0x00001654   Code   RO          890    .text               ipc.o
    0x08006be8   0x00000048   Code   RO          907    .text               irq.o
    0x08006c30   0x00000a4c   Code   RO          922    .text               kservice.o
    0x0800767c   0x00000874   Code   RO          942    .text               mem.o
    0x08007ef0   0x000002dc   Code   RO          993    .text               object.o
    0x080081cc   0x000002e8   Code   RO         1012    .text               scheduler.o
    0x080084b4   0x00000598   Code   RO         1033    .text               thread.o
    0x08008a4c   0x0000045c   Code   RO         1050    .text               timer.o
    0x08008ea8   0x00000190   Code   RO         1069    .text               cpuport.o
    0x08009038   0x0000010c   Code   RO         1085    .text               context_rvds.o
    0x08009144   0x000001a8   Code   RO         1123    .text               pin.o
    0x080092ec   0x00000bb4   Code   RO         1141    .text               serial.o
    0x08009ea0   0x000001c8   Code   RO         1155    .text               completion.o
    0x0800a068   0x00000414   Code   RO         1171    .text               dataqueue.o
    0x0800a47c   0x000009e4   Code   RO         1286    .text               shell.o
    0x0800ae60   0x00000d4c   Code   RO         1321    .text               cmd.o
    0x0800bbac   0x00001818   Code   RO         1345    .text               finsh_compiler.o
    0x0800d3c4   0x0000002c   Code   RO         1382    .text               finsh_error.o
    0x0800d3f0   0x00000210   Code   RO         1398    .text               finsh_heap.o
    0x0800d600   0x00000058   Code   RO         1414    .text               finsh_init.o
    0x0800d658   0x00000184   Code   RO         1432    .text               finsh_node.o
    0x0800d7dc   0x00000adc   Code   RO         1447    .text               finsh_ops.o
    0x0800e2b8   0x0000097c   Code   RO         1465    .text               finsh_parser.o
    0x0800ec34   0x0000019c   Code   RO         1480    .text               finsh_var.o
    0x0800edd0   0x000000e4   Code   RO         1503    .text               finsh_vm.o
    0x0800eeb4   0x00000680   Code   RO         1530    .text               finsh_token.o
    0x0800f534   0x00000228   Code   RO         1546    .text               diskio.o
    0x0800f75c   0x00002c84   Code   RO         1571    .text               ff.o
    0x080123e0   0x000000d8   Code   RO         1586    .text               cc936.o
    0x080124b8   0x00001c94   Code   RO         1636    .text               bsp_sdio_sd.o
    0x0801414c   0x000000ee   Code   RO         1657    .text               c_w.l(lludivv7m.o)
    0x0801423a   0x00000002   PAD
    0x0801423c   0x00000028   Code   RO         1661    .text               c_w.l(noretval__2sprintf.o)
    0x08014264   0x00000068   Code   RO         1663    .text               c_w.l(__printf.o)
    0x080142cc   0x00000052   Code   RO         1665    .text               c_w.l(_printf_str.o)
    0x0801431e   0x00000002   PAD
    0x08014320   0x00000078   Code   RO         1667    .text               c_w.l(_printf_dec.o)
    0x08014398   0x0000001a   Code   RO         1692    .text               c_w.l(atoi.o)
    0x080143b2   0x0000003e   Code   RO         1694    .text               c_w.l(strlen.o)
    0x080143f0   0x00000096   Code   RO         1696    .text               c_w.l(strncmp.o)
    0x08014486   0x0000008a   Code   RO         1698    .text               c_w.l(rt_memcpy_v6.o)
    0x08014510   0x00000064   Code   RO         1700    .text               c_w.l(rt_memcpy_w.o)
    0x08014574   0x00000044   Code   RO         1702    .text               c_w.l(rt_memclr.o)
    0x080145b8   0x0000004e   Code   RO         1704    .text               c_w.l(rt_memclr_w.o)
    0x08014606   0x00000056   Code   RO         1706    .text               c_w.l(strncpy.o)
    0x0801465c   0x00000080   Code   RO         1708    .text               c_w.l(strcmpv7m.o)
    0x080146dc   0x00000006   Code   RO         1710    .text               c_w.l(heapauxi.o)
    0x080146e2   0x00000002   PAD
    0x080146e4   0x00000008   Code   RO         1722    .text               c_w.l(rt_errno_addr_intlibspace.o)
    0x080146ec   0x000000b2   Code   RO         1724    .text               c_w.l(_printf_intcommon.o)
    0x0801479e   0x00000002   PAD
    0x080147a0   0x00000030   Code   RO         1726    .text               c_w.l(_printf_char_common.o)
    0x080147d0   0x0000000a   Code   RO         1728    .text               c_w.l(_sputc.o)
    0x080147da   0x0000002c   Code   RO         1730    .text               c_w.l(_printf_char.o)
    0x08014806   0x00000070   Code   RO         1733    .text               c_w.l(strtol.o)
    0x08014876   0x00000002   PAD
    0x08014878   0x00000008   Code   RO         1735    .text               c_w.l(libspace.o)
    0x08014880   0x00000010   Code   RO         1753    .text               c_w.l(rt_ctype_table.o)
    0x08014890   0x0000009e   Code   RO         1759    .text               c_w.l(_strtoul.o)
    0x0801492e   0x0000004a   Code   RO         1761    .text               c_w.l(sys_stackheap_outer.o)
    0x08014978   0x00000008   Code   RO         1766    .text               c_w.l(rt_locale_intlibspace.o)
    0x08014980   0x0000001c   Code   RO         1768    .text               c_w.l(_chval.o)
    0x0801499c   0x00000012   Code   RO         1773    .text               c_w.l(exit.o)
    0x080149ae   0x00000002   PAD
    0x080149b0   0x0000000c   Code   RO         1838    .text               c_w.l(sys_exit.o)
    0x080149bc   0x00000002   Code   RO         1857    .text               c_w.l(use_no_semi.o)
    0x080149be   0x00000000   Code   RO         1859    .text               c_w.l(indicate_semi.o)
    0x080149be   0x00000002   PAD
    0x080149c0   0x0000002c   Code   RO         1771    locale$$code        c_w.l(lc_ctype_c.o)
    0x080149ec   0x0000000a   Code   RO         1853    x$fpl$fpinit        fz_wm.l(fpinit.o)
    0x080149f6   0x00000002   PAD
    0x080149f8   0x0000005c   Data   RO          251    .constdata          usart.o
    0x08014a54   0x0000036c   Data   RO          279    .constdata          gpio.o
    0x08014dc0   0x000000a8   Data   RO          857    .constdata          device.o
    0x08014e68   0x00000016   Data   RO          872    .constdata          idle.o
    0x08014e7e   0x000001d7   Data   RO          891    .constdata          ipc.o
    0x08015055   0x00000122   Data   RO          924    .constdata          kservice.o
    0x08015177   0x00000046   Data   RO          944    .constdata          mem.o
    0x080151bd   0x0000005e   Data   RO          994    .constdata          object.o
    0x0801521b   0x0000004e   Data   RO         1014    .constdata          scheduler.o
    0x08015269   0x000000aa   Data   RO         1034    .constdata          thread.o
    0x08015313   0x0000005c   Data   RO         1051    .constdata          timer.o
    0x0801536f   0x00000013   Data   RO         1070    .constdata          cpuport.o
    0x08015382   0x00000047   Data   RO         1125    .constdata          pin.o
    0x080153c9   0x00000124   Data   RO         1142    .constdata          serial.o
    0x080154ed   0x00000039   Data   RO         1156    .constdata          completion.o
    0x08015526   0x0000004b   Data   RO         1172    .constdata          dataqueue.o
    0x08015571   0x00000060   Data   RO         1288    .constdata          shell.o
    0x080155d1   0x00000003   PAD
    0x080155d4   0x00000050   Data   RO         1322    .constdata          cmd.o
    0x08015624   0x000000c4   Data   RO         1448    .constdata          finsh_ops.o
    0x080156e8   0x00000040   Data   RO         1531    .constdata          finsh_token.o
    0x08015728   0x0000003a   Data   RO         1572    .constdata          ff.o
    0x08015762   0x0002b0c0   Data   RO         1587    .constdata          cc936.o
    0x08040822   0x00000002   PAD
    0x08040824   0x000000ed   Data   RO          945    .conststring        mem.o
    0x08040911   0x00000003   PAD
    0x08040914   0x0000015d   Data   RO         1323    .conststring        cmd.o
    0x08040a71   0x00000003   PAD
    0x08040a74   0x000000f3   Data   RO         1383    .conststring        finsh_error.o
    0x08040b67   0x00000001   PAD
    0x08040b68   0x0000003e   Data   RO         1532    .conststring        finsh_token.o
    0x08040ba6   0x00000027   Data   RO          947    .rodata.name        mem.o
    0x08040bcd   0x00000069   Data   RO         1126    .rodata.name        pin.o
    0x08040c36   0x000001b3   Data   RO         1325    .rodata.name        cmd.o
    0x08040de9   0x00000003   PAD
    0x08040dec   0x0000000c   Data   RO          948    FSymTab             mem.o
    0x08040df8   0x00000024   Data   RO         1127    FSymTab             pin.o
    0x08040e1c   0x00000090   Data   RO         1326    FSymTab             cmd.o
    0x08040eac   0x00000020   Data   RO         1909    Region$$Table       anon$$obj.o
    0x08040ecc   0x00000010   Data   RO         1327    VSymTab             cmd.o
    0x08040edc   0x00000110   Data   RO         1770    locale$$data        c_w.l(lc_ctype_c.o)


    Execution Region RW_IRAM1 (Base: 0x20000000, Size: 0x00004220, Max: 0x00020000, ABSOLUTE, COMPRESSED[0x00000108])

    Base Addr    Size         Type   Attr      Idx    E Section Name        Object

    0x20000000   0x00000052   Data   RW            4    .data               application.o
    0x20000052   0x00000002   PAD
    0x20000054   0x00000060   Data   RW          252    .data               usart.o
    0x200000b4   0x00000014   Data   RW          299    .data               system_stm32f4xx.o
    0x200000c8   0x00000010   Data   RW          673    .data               stm32f4xx_rcc.o
    0x200000d8   0x00000004   Data   RW          825    .data               clock.o
    0x200000dc   0x00000004   Data   RW          873    .data               idle.o
    0x200000e0   0x00000001   Data   RW          908    .data               irq.o
    0x200000e1   0x00000003   PAD
    0x200000e4   0x0000000c   Data   RW          925    .data               kservice.o
    0x200000f0   0x00000020   Data   RW          946    .data               mem.o
    0x20000110   0x000000a4   Data   RW          995    .data               object.o
    0x200001b4   0x0000001c   Data   RW         1015    .data               scheduler.o
    0x200001d0   0x00000010   Data   RW         1052    .data               timer.o
    0x200001e0   0x00000010   Data   RW         1071    .data               cpuport.o
    0x200001f0   0x00000004   Data   RW         1143    .data               serial.o
    0x200001f4   0x00000004   Data   RW         1289    .data               shell.o
    0x200001f8   0x00000010   Data   RW         1308    .data               symbol.o
    0x20000208   0x00000004   Data   RW         1324    .data               cmd.o
    0x2000020c   0x00000008   Data   RW         1346    .data               finsh_compiler.o
    0x20000214   0x00000040   Data   RW         1384    .data               finsh_error.o
    0x20000254   0x00000008   Data   RW         1400    .data               finsh_heap.o
    0x2000025c   0x00000004   Data   RW         1482    .data               finsh_var.o
    0x20000260   0x0000000c   Data   RW         1505    .data               finsh_vm.o
    0x2000026c   0x0000000a   Data   RW         1573    .data               ff.o
    0x20000276   0x00000002   PAD
    0x20000278   0x00000018   Data   RW         1638    .data               bsp_sdio_sd.o
    0x20000290   0x0000247c   Zero   RW            3    .bss                application.o
    0x2000270c   0x000000fc   Zero   RW          250    .bss                usart.o
    0x20002808   0x00000480   Zero   RW          871    .bss                idle.o
    0x20002c88   0x00000080   Zero   RW          923    .bss                kservice.o
    0x20002d08   0x00000020   Zero   RW          943    .bss                mem.o
    0x20002d28   0x00000100   Zero   RW         1013    .bss                scheduler.o
    0x20002e28   0x00000044   Zero   RW         1124    .bss                pin.o
    0x20002e6c   0x00000880   Zero   RW         1287    .bss                shell.o
    0x200036ec   0x00000080   Zero   RW         1399    .bss                finsh_heap.o
    0x2000376c   0x00000140   Zero   RW         1433    .bss                finsh_node.o
    0x200038ac   0x000000c0   Zero   RW         1481    .bss                finsh_var.o
    0x2000396c   0x00000180   Zero   RW         1504    .bss                finsh_vm.o
    0x20003aec   0x00000004   PAD
    0x20003af0   0x000000cc   Zero   RW         1637    .bss                bsp_sdio_sd.o
    0x20003bbc   0x00000060   Zero   RW         1736    .bss                c_w.l(libspace.o)
    0x20003c1c   0x00000004   PAD
    0x20003c20   0x00000200   Zero   RW          818    HEAP                startup_stm32f4xx.o
    0x20003e20   0x00000400   Zero   RW          817    STACK               startup_stm32f4xx.o


==============================================================================

Image component sizes


      Code (inc. data)   RO Data    RW Data    ZI Data      Debug   Object Name

       552         80          0         82       9340     280422   application.o
       180         18          0          0          0      19323   board.o
      7316        238          0         24        204      20475   bsp_sdio_sd.o
       216         16     176320          0          0       2201   cc936.o
       100          6          0          4          0       1584   clock.o
      3404       1298       1024          4          0      11551   cmd.o
       456        124         57          0          0       3127   completion.o
       268         24          0          0          0        800   context_rvds.o
       400        188         19         16          0       3715   cpuport.o
      1044        114         75          0          0       6301   dataqueue.o
       804        132        168          0          0       4921   device.o
       552         10          0          0          0      12399   diskio.o
     11396        122         58         10          0      29102   ff.o
      6168        154          0          8          0      10870   finsh_compiler.o
        44         10        243         64          0       1689   finsh_error.o
       528         18          0          8        128       3419   finsh_heap.o
        88          6          0          0          0       1656   finsh_init.o
       388          4          0          0        320       3436   finsh_node.o
      2780         36        196          0          0       8832   finsh_ops.o
      2428         32          0          0          0       9761   finsh_parser.o
      1664         16        126          0          0       6236   finsh_token.o
       412         18          0          4        192       7389   finsh_var.o
       228         34          0         12        384       6994   finsh_vm.o
       268         12        876          0          0       2632   gpio.o
       308         74         22          4       1152       3127   idle.o
      5716        422        471          0          0      20379   ipc.o
        72          6          0          1          0       1370   irq.o
      2636        230        290         12        128      11952   kservice.o
      2164        560        358         32         32      11070   mem.o
       492         74          0          0          0       2145   misc.o
       732        150         94        164          0       6008   object.o
       424         82        212          0         68       4004   pin.o
       744        150         78         28        256       4981   scheduler.o
         0          0          0          0          0       5784   sdio_test.o
      2996        438        292          4          0       9165   serial.o
      2532        276         96          4       2176       6075   shell.o
       204         98          0          0          0       1371   startup.o
        64         26        392          0       1536        904   startup_stm32f4xx.o
      5068        352          0          0          0       9065   stm32f4xx_dma.o
      2326        132          0          0          0       5525   stm32f4xx_gpio.o
        16          0          0          0          0        844   stm32f4xx_it.o
      3452        262          0         16          0      13631   stm32f4xx_rcc.o
      1628         88          0          0          0       8508   stm32f4xx_sdio.o
      3764        164          0          0          0      10200   stm32f4xx_usart.o
         0          0          0         16          0       4297   symbol.o
       528         46          0         20          0       2047   system_stm32f4xx.o
      1432        206        170          0          0       7841   thread.o
      1116        100         92         16          0       7127   timer.o
      1504        152         92         96        252      25553   usart.o

    ----------------------------------------------------------------------
     81604       6798     181868        656      16172     641808   Object Totals
         0          0         32          0          0          0   (incl. Generated)
         2          0         15          7          4          0   (incl. Padding)

    ----------------------------------------------------------------------

      Code (inc. data)   RO Data    RW Data    ZI Data      Debug   Library Member Name

        90          0          0          0          0          0   __dczerorl2.o
         8          0          0          0          0         68   __main.o
       104          0          0          0          0         84   __printf.o
         0          0          0          0          0          0   __rtentry.o
        12          0          0          0          0          0   __rtentry2.o
         6          0          0          0          0          0   __rtentry4.o
        52          8          0          0          0          0   __scatter.o
        28          0          0          0          0          0   __scatter_zi.o
        28          0          0          0          0         68   _chval.o
        44          0          0          0          0        108   _printf_char.o
        48          6          0          0          0         96   _printf_char_common.o
         6          0          0          0          0          0   _printf_d.o
       120         16          0          0          0         92   _printf_dec.o
       178          0          0          0          0         88   _printf_intcommon.o
         0          0          0          0          0          0   _printf_percent.o
         4          0          0          0          0          0   _printf_percent_end.o
         6          0          0          0          0          0   _printf_s.o
        82          0          0          0          0         80   _printf_str.o
        10          0          0          0          0         68   _sputc.o
       158          0          0          0          0         92   _strtoul.o
        26          0          0          0          0         80   atoi.o
        18          0          0          0          0         80   exit.o
         6          0          0          0          0        152   heapauxi.o
         0          0          0          0          0          0   indicate_semi.o
        44         10        272          0          0         76   lc_ctype_c.o
         2          0          0          0          0          0   libinit.o
        24          0          0          0          0          0   libinit2.o
         2          0          0          0          0          0   libshutdown.o
         2          0          0          0          0          0   libshutdown2.o
         8          4          0          0         96         68   libspace.o
       238          0          0          0          0        100   lludivv7m.o
        40          6          0          0          0         84   noretval__2sprintf.o
        16          4          0          0          0         76   rt_ctype_table.o
         8          4          0          0          0         68   rt_errno_addr_intlibspace.o
         8          4          0          0          0         68   rt_locale_intlibspace.o
        68          0          0          0          0         68   rt_memclr.o
        78          0          0          0          0         80   rt_memclr_w.o
       138          0          0          0          0         68   rt_memcpy_v6.o
       100          0          0          0          0         80   rt_memcpy_w.o
         2          0          0          0          0          0   rtexit.o
        10          0          0          0          0          0   rtexit2.o
       128          0          0          0          0         68   strcmpv7m.o
        62          0          0          0          0         76   strlen.o
       150          0          0          0          0         80   strncmp.o
        86          0          0          0          0         76   strncpy.o
       112          0          0          0          0         88   strtol.o
        12          4          0          0          0         68   sys_exit.o
        74          0          0          0          0         80   sys_stackheap_outer.o
         2          0          0          0          0         68   use_no_semi.o
        10          0          0          0          0        116   fpinit.o

    ----------------------------------------------------------------------
      2476         66        272          0        100       2712   Library Totals
        18          0          0          0          4          0   (incl. Padding)

    ----------------------------------------------------------------------

      Code (inc. data)   RO Data    RW Data    ZI Data      Debug   Library Name

      2448         66        272          0         96       2596   c_w.l
        10          0          0          0          0        116   fz_wm.l

    ----------------------------------------------------------------------
      2476         66        272          0        100       2712   Library Totals

    ----------------------------------------------------------------------

==============================================================================


      Code (inc. data)   RO Data    RW Data    ZI Data      Debug   

     84080       6864     182140        656      16272     634664   Grand Totals
     84080       6864     182140        264      16272     634664   ELF Image Totals (compressed)
     84080       6864     182140        264          0          0   ROM Totals

==============================================================================

    Total RO  Size (Code + RO Data)               266220 ( 259.98kB)
    Total RW  Size (RW Data + ZI Data)             16928 (  16.53kB)
    Total ROM Size (Code + RO Data + RW Data)     266484 ( 260.24kB)

==============================================================================

