<html>
<body>
<pre>
<h1>礦ision Build Log</h1>
<h2>Tool Versions:</h2>
IDE-Version: μVision V5.14.2
Copyright (C) 2015 ARM Ltd and ARM Germany GmbH. All rights reserved.
License Information: Cortex-M4, wxc, LIC=03CQD-8A55R-541SV-P6BIH-JDCA7-LWKRH
 
Tool Versions:
Toolchain:       MDK-ARM Standard  Version: 5.23
Toolchain Path:  E:\keil5\ARM\ARMCC\Bin
C Compiler:      Armcc.exe V5.06 update 4 (build 422)
Assembler:       Armasm.exe V5.06 update 4 (build 422)
Linker/Locator:  ArmLink.exe V5.06 update 4 (build 422)
Library Manager: ArmAr.exe V5.06 update 4 (build 422)
Hex Converter:   FromElf.exe V5.06 update 4 (build 422)
CPU DLL:         SARMCM3.DLL V5.23
Dialog DLL:      DCM.DLL V1.15.0.0
Target DLL:      Segger\JL2CM3.dll V2.99.23.0
Dialog DLL:      TCM.DLL V1.27.0.0
 
<h2>Project:</h2>
F:\工程GPS\F4_rt\bsp\stm32f40x\project.uvprojx
Project File Date:  08/04/2017

<h2>Output:</h2>
*** Using Compiler 'V5.06 update 4 (build 422)', folder: 'E:\keil5\ARM\ARMCC\Bin'
Build target 'rt-thread_stm32f4xx'
compiling usb_dcd_int.c...
compiling usbd_storage_msd.c...
linking...
Program Size: Code=104220 RO-data=182060 RW-data=996 ZI-data=90644  
FromELF: creating hex file...
".\build\rtthread-stm32f4xx.axf" - 0 Error(s), 0 Warning(s).

<h2>Collection of Component include folders:</h2>
  F:\工程GPS\F4_rt\bsp\stm32f40x\RTE
  E:\keil5\ARM\PACK\Keil\STM32F4xx_DFP\2.11.0\Drivers\CMSIS\Device\ST\STM32F4xx\Include

<h2>Collection of Component Files used:</h2>
</pre>
</body>
</html>
