Component: ARM Compiler 5.06 update 4 (build 422) Tool: armlink [4d35d2]

==============================================================================

Section Cross References

    application.o(.text) refers to pin.o(.text) for rt_pin_mode
    application.o(.text) refers to thread.o(.text) for rt_thread_delay
    application.o(.text) refers to printf3.o(i.__0sprintf$3) for __2sprintf
    application.o(.text) refers to strlen.o(.text) for strlen
    application.o(.text) refers to memseta.o(.text) for __aeabi_memclr4
    application.o(.text) refers to ff.o(.text) for f_mount
    application.o(.text) refers to misc.o(.text) for NVIC_PriorityGroupConfig
    application.o(.text) refers to usbd_core.o(.text) for USBD_Init
    application.o(.text) refers to usart.o(.bss) for serial1
    application.o(.text) refers to application.o(.data) for Usart1
    application.o(.text) refers to application.o(.bss) for fs
    application.o(.text) refers to usbd_usr.o(.data) for USR_cb
    application.o(.text) refers to usbd_msc_core.o(.data) for USBD_MSC_cb
    application.o(.text) refers to usbd_desc.o(.data) for USR_desc
    application.o(.data) refers to usart.o(.bss) for serial1
    startup.o(.text) refers to kservice.o(.text) for rt_kprintf
    startup.o(.text) refers to board.o(.text) for rt_hw_board_init
    startup.o(.text) refers to clock.o(.text) for rt_system_tick_init
    startup.o(.text) refers to object.o(.text) for rt_system_object_init
    startup.o(.text) refers to timer.o(.text) for rt_system_timer_init
    startup.o(.text) refers to mem.o(.text) for rt_system_heap_init
    startup.o(.text) refers to scheduler.o(.text) for rt_system_scheduler_init
    startup.o(.text) refers to application.o(.text) for rt_application_init
    startup.o(.text) refers to shell.o(.text) for finsh_system_init
    startup.o(.text) refers to idle.o(.text) for rt_thread_idle_init
    startup.o(.text) refers to context_rvds.o(.text) for rt_hw_interrupt_disable
    board.o(.text) refers to misc.o(.text) for NVIC_SetVectorTable
    board.o(.text) refers to stm32f4xx_rcc.o(.text) for RCC_GetClocksFreq
    board.o(.text) refers to irq.o(.text) for rt_interrupt_enter
    board.o(.text) refers to clock.o(.text) for rt_tick_increase
    board.o(.text) refers to usart.o(.text) for stm32_hw_usart_init
    board.o(.text) refers to gpio.o(.text) for stm32_hw_pin_init
    board.o(.text) refers to kservice.o(.text) for rt_console_set_device
    usart.o(.text) refers to kservice.o(.text) for rt_assert_handler
    usart.o(.text) refers to stm32f4xx_usart.o(.text) for USART_Init
    usart.o(.text) refers to stm32f4xx_dma.o(.text) for DMA_DeInit
    usart.o(.text) refers to stm32f4xx_rcc.o(.text) for RCC_AHB1PeriphClockCmd
    usart.o(.text) refers to misc.o(.text) for NVIC_Init
    usart.o(.text) refers to serial.o(.text) for rt_hw_serial_isr
    usart.o(.text) refers to irq.o(.text) for rt_interrupt_enter
    usart.o(.text) refers to usart.o(.constdata) for __FUNCTION__
    usart.o(.text) refers to usart.o(.bss) for serial1
    usart.o(.text) refers to stm32f4xx_gpio.o(.text) for GPIO_Init
    usart.o(.text) refers to usart.o(.data) for uart1
    usart.o(.constdata) refers to usart.o(.text) for stm32_configure
    usart.o(.rti_fn.1) refers to usart.o(.text) for stm32_hw_usart_init
    gpio.o(.text) refers to stm32f4xx_gpio.o(.text) for GPIO_ResetBits
    gpio.o(.text) refers to stm32f4xx_rcc.o(.text) for RCC_AHB1PeriphClockCmd
    gpio.o(.text) refers to pin.o(.text) for rt_device_pin_register
    gpio.o(.text) refers to gpio.o(.constdata) for pins
    gpio.o(.constdata) refers to gpio.o(.text) for stm32_pin_mode
    gpio.o(.rti_fn.1) refers to gpio.o(.text) for stm32_hw_pin_init
    system_stm32f4xx.o(.text) refers to system_stm32f4xx.o(.data) for SystemCoreClock
    misc.o(.text) refers to startup.o(.text) for assert_failed
    stm32f4xx_adc.o(.text) refers to stm32f4xx_rcc.o(.text) for RCC_APB2PeriphResetCmd
    stm32f4xx_adc.o(.text) refers to startup.o(.text) for assert_failed
    stm32f4xx_can.o(.text) refers to startup.o(.text) for assert_failed
    stm32f4xx_can.o(.text) refers to stm32f4xx_rcc.o(.text) for RCC_APB1PeriphResetCmd
    stm32f4xx_cryp.o(.text) refers to stm32f4xx_rcc.o(.text) for RCC_AHB2PeriphResetCmd
    stm32f4xx_cryp.o(.text) refers to startup.o(.text) for assert_failed
    stm32f4xx_cryp_aes.o(.text) refers to stm32f4xx_cryp.o(.text) for CRYP_KeyStructInit
    stm32f4xx_cryp_des.o(.text) refers to stm32f4xx_cryp.o(.text) for CRYP_KeyStructInit
    stm32f4xx_cryp_tdes.o(.text) refers to stm32f4xx_cryp.o(.text) for CRYP_KeyStructInit
    stm32f4xx_dac.o(.text) refers to stm32f4xx_rcc.o(.text) for RCC_APB1PeriphResetCmd
    stm32f4xx_dac.o(.text) refers to startup.o(.text) for assert_failed
    stm32f4xx_dbgmcu.o(.text) refers to startup.o(.text) for assert_failed
    stm32f4xx_dcmi.o(.text) refers to startup.o(.text) for assert_failed
    stm32f4xx_dma.o(.text) refers to startup.o(.text) for assert_failed
[...]
    EXTI1_IRQHandler                         0x08005033   Thumb Code     0  startup_stm32f4xx.o(.text)
    EXTI2_IRQHandler                         0x08005033   Thumb Code     0  startup_stm32f4xx.o(.text)
    EXTI3_IRQHandler                         0x08005033   Thumb Code     0  startup_stm32f4xx.o(.text)
    EXTI4_IRQHandler                         0x08005033   Thumb Code     0  startup_stm32f4xx.o(.text)
    EXTI9_5_IRQHandler                       0x08005033   Thumb Code     0  startup_stm32f4xx.o(.text)
    FLASH_IRQHandler                         0x08005033   Thumb Code     0  startup_stm32f4xx.o(.text)
    FPU_IRQHandler                           0x08005033   Thumb Code     0  startup_stm32f4xx.o(.text)
    FSMC_IRQHandler                          0x08005033   Thumb Code     0  startup_stm32f4xx.o(.text)
    HASH_RNG_IRQHandler                      0x08005033   Thumb Code     0  startup_stm32f4xx.o(.text)
    I2C1_ER_IRQHandler                       0x08005033   Thumb Code     0  startup_stm32f4xx.o(.text)
    I2C1_EV_IRQHandler                       0x08005033   Thumb Code     0  startup_stm32f4xx.o(.text)
    I2C2_ER_IRQHandler                       0x08005033   Thumb Code     0  startup_stm32f4xx.o(.text)
    I2C2_EV_IRQHandler                       0x08005033   Thumb Code     0  startup_stm32f4xx.o(.text)
    I2C3_ER_IRQHandler                       0x08005033   Thumb Code     0  startup_stm32f4xx.o(.text)
    I2C3_EV_IRQHandler                       0x08005033   Thumb Code     0  startup_stm32f4xx.o(.text)
    OTG_FS_WKUP_IRQHandler                   0x08005033   Thumb Code     0  startup_stm32f4xx.o(.text)
    OTG_HS_EP1_IN_IRQHandler                 0x08005033   Thumb Code     0  startup_stm32f4xx.o(.text)
    OTG_HS_EP1_OUT_IRQHandler                0x08005033   Thumb Code     0  startup_stm32f4xx.o(.text)
    OTG_HS_IRQHandler                        0x08005033   Thumb Code     0  startup_stm32f4xx.o(.text)
    OTG_HS_WKUP_IRQHandler                   0x08005033   Thumb Code     0  startup_stm32f4xx.o(.text)
    PVD_IRQHandler                           0x08005033   Thumb Code     0  startup_stm32f4xx.o(.text)
    RCC_IRQHandler                           0x08005033   Thumb Code     0  startup_stm32f4xx.o(.text)
    RTC_Alarm_IRQHandler                     0x08005033   Thumb Code     0  startup_stm32f4xx.o(.text)
    RTC_WKUP_IRQHandler                      0x08005033   Thumb Code     0  startup_stm32f4xx.o(.text)
    SPI1_IRQHandler                          0x08005033   Thumb Code     0  startup_stm32f4xx.o(.text)
    SPI2_IRQHandler                          0x08005033   Thumb Code     0  startup_stm32f4xx.o(.text)
    SPI3_IRQHandler                          0x08005033   Thumb Code     0  startup_stm32f4xx.o(.text)
    TAMP_STAMP_IRQHandler                    0x08005033   Thumb Code     0  startup_stm32f4xx.o(.text)
    TIM1_BRK_TIM9_IRQHandler                 0x08005033   Thumb Code     0  startup_stm32f4xx.o(.text)
    TIM1_CC_IRQHandler                       0x08005033   Thumb Code     0  startup_stm32f4xx.o(.text)
    TIM1_TRG_COM_TIM11_IRQHandler            0x08005033   Thumb Code     0  startup_stm32f4xx.o(.text)
    TIM1_UP_TIM10_IRQHandler                 0x08005033   Thumb Code     0  startup_stm32f4xx.o(.text)
    TIM2_IRQHandler                          0x08005033   Thumb Code     0  startup_stm32f4xx.o(.text)
    TIM3_IRQHandler                          0x08005033   Thumb Code     0  startup_stm32f4xx.o(.text)
    TIM4_IRQHandler                          0x08005033   Thumb Code     0  startup_stm32f4xx.o(.text)
    TIM5_IRQHandler                          0x08005033   Thumb Code     0  startup_stm32f4xx.o(.text)
    TIM6_DAC_IRQHandler                      0x08005033   Thumb Code     0  startup_stm32f4xx.o(.text)
    TIM7_IRQHandler                          0x08005033   Thumb Code     0  startup_stm32f4xx.o(.text)
    TIM8_BRK_TIM12_IRQHandler                0x08005033   Thumb Code     0  startup_stm32f4xx.o(.text)
    TIM8_CC_IRQHandler                       0x08005033   Thumb Code     0  startup_stm32f4xx.o(.text)
    TIM8_TRG_COM_TIM14_IRQHandler            0x08005033   Thumb Code     0  startup_stm32f4xx.o(.text)
    TIM8_UP_TIM13_IRQHandler                 0x08005033   Thumb Code     0  startup_stm32f4xx.o(.text)
    UART4_IRQHandler                         0x08005033   Thumb Code     0  startup_stm32f4xx.o(.text)
    UART5_IRQHandler                         0x08005033   Thumb Code     0  startup_stm32f4xx.o(.text)
    USART6_IRQHandler                        0x08005033   Thumb Code     0  startup_stm32f4xx.o(.text)
    WWDG_IRQHandler                          0x08005033   Thumb Code     0  startup_stm32f4xx.o(.text)
    rt_system_tick_init                      0x0800503d   Thumb Code     2  clock.o(.text)
    rt_tick_get                              0x0800503f   Thumb Code     6  clock.o(.text)
    rt_tick_set                              0x08005045   Thumb Code    22  clock.o(.text)
    rt_tick_increase                         0x0800505b   Thumb Code    42  clock.o(.text)
    rt_tick_from_millisecond                 0x08005085   Thumb Code    20  clock.o(.text)
    rt_device_find                           0x0800509d   Thumb Code    76  device.o(.text)
    rt_device_register                       0x080050e9   Thumb Code    52  device.o(.text)
    rt_device_unregister                     0x0800511d   Thumb Code    26  device.o(.text)
    rt_device_init_all                       0x08005137   Thumb Code     4  device.o(.text)
    rt_device_init                           0x0800513b   Thumb Code    64  device.o(.text)
    rt_device_open                           0x0800517b   Thumb Code   136  device.o(.text)
    rt_device_close                          0x08005203   Thumb Code    68  device.o(.text)
    rt_device_read                           0x08005247   Thumb Code    76  device.o(.text)
    rt_device_write                          0x08005293   Thumb Code    76  device.o(.text)
    rt_device_control                        0x080052df   Thumb Code    42  device.o(.text)
    rt_device_set_rx_indicate                0x08005309   Thumb Code    26  device.o(.text)
    rt_device_set_tx_complete                0x08005323   Thumb Code    26  device.o(.text)
    rt_thread_idle_sethook                   0x080053c1   Thumb Code     6  idle.o(.text)
    rt_thread_idle_excute                    0x080053c7   Thumb Code   154  idle.o(.text)
    rt_thread_idle_init                      0x08005475   Thumb Code    38  idle.o(.text)
    rt_sem_init                              0x080055a1   Thumb Code    50  ipc.o(.text)
    rt_sem_detach                            0x080055d3   Thumb Code    34  ipc.o(.text)
    rt_sem_create                            0x080055f5   Thumb Code    84  ipc.o(.text)
    rt_sem_delete                            0x08005649   Thumb Code    78  ipc.o(.text)
    rt_sem_take                              0x08005697   Thumb Code   266  ipc.o(.text)
    rt_sem_trytake                           0x080057a1   Thumb Code    14  ipc.o(.text)
    rt_sem_release                           0x080057af   Thumb Code    80  ipc.o(.text)
    rt_sem_control                           0x080057ff   Thumb Code    68  ipc.o(.text)
    rt_mutex_init                            0x08005843   Thumb Code    58  ipc.o(.text)
    rt_mutex_detach                          0x0800587d   Thumb Code    36  ipc.o(.text)
    rt_mutex_create                          0x080058a1   Thumb Code    96  ipc.o(.text)
    rt_mutex_delete                          0x08005901   Thumb Code    78  ipc.o(.text)
    rt_mutex_take                            0x0800594f   Thumb Code   524  ipc.o(.text)
    rt_mutex_release                         0x08005b5b   Thumb Code   272  ipc.o(.text)
    rt_mutex_control                         0x08005c6b   Thumb Code     8  ipc.o(.text)
    rt_event_init                            0x08005c73   Thumb Code    46  ipc.o(.text)
    rt_event_detach                          0x08005ca1   Thumb Code    36  ipc.o(.text)
    rt_event_create                          0x08005cc5   Thumb Code    88  ipc.o(.text)
    rt_event_delete                          0x08005d1d   Thumb Code    82  ipc.o(.text)
    rt_event_send                            0x08005d6f   Thumb Code   210  ipc.o(.text)
    rt_event_recv                            0x08005e41   Thumb Code   448  ipc.o(.text)
    rt_event_control                         0x08006001   Thumb Code    70  ipc.o(.text)
    rt_mb_init                               0x08006047   Thumb Code    76  ipc.o(.text)
    rt_mb_detach                             0x08006093   Thumb Code    44  ipc.o(.text)
    rt_mb_create                             0x080060bf   Thumb Code   128  ipc.o(.text)
    rt_mb_delete                             0x0800613f   Thumb Code    96  ipc.o(.text)
    rt_mb_send_wait                          0x0800619f   Thumb Code   436  ipc.o(.text)
    rt_mb_send                               0x08006353   Thumb Code    18  ipc.o(.text)
    rt_mb_recv                               0x08006365   Thumb Code   412  ipc.o(.text)
    rt_mb_control                            0x08006501   Thumb Code    82  ipc.o(.text)
    rt_mq_init                               0x08006553   Thumb Code   118  ipc.o(.text)
    rt_mq_detach                             0x080065c9   Thumb Code    36  ipc.o(.text)
    rt_mq_delete                             0x080065ed   Thumb Code    88  ipc.o(.text)
    rt_mq_create                             0x08006645   Thumb Code   174  ipc.o(.text)
    rt_mq_send                               0x080066f3   Thumb Code   290  ipc.o(.text)
    rt_mq_urgent                             0x08006815   Thumb Code   198  ipc.o(.text)
    rt_mq_recv                               0x080068db   Thumb Code   438  ipc.o(.text)
    rt_mq_control                            0x08006a91   Thumb Code    98  ipc.o(.text)
    rt_interrupt_enter                       0x08006b49   Thumb Code    30  irq.o(.text)
    rt_interrupt_leave                       0x08006b67   Thumb Code    30  irq.o(.text)
    rt_interrupt_get_nest                    0x08006b85   Thumb Code     6  irq.o(.text)
    rt_get_errno                             0x08006b91   Thumb Code    32  kservice.o(.text)
    rt_set_errno                             0x08006bb1   Thumb Code    36  kservice.o(.text)
    _rt_errno                                0x08006bd5   Thumb Code    30  kservice.o(.text)
    rt_memset                                0x08006bf3   Thumb Code    72  kservice.o(.text)
    rt_memcpy                                0x08006c3b   Thumb Code   124  kservice.o(.text)
    rt_memmove                               0x08006cb7   Thumb Code    66  kservice.o(.text)
    rt_memcmp                                0x08006cf9   Thumb Code    38  kservice.o(.text)
    rt_strlen                                0x08006d1f   Thumb Code    18  kservice.o(.text)
    rt_strstr                                0x08006d31   Thumb Code    58  kservice.o(.text)
    rt_strcasecmp                            0x08006d6b   Thumb Code    48  kservice.o(.text)
    rt_strncpy                               0x08006d9b   Thumb Code    52  kservice.o(.text)
    rt_strncmp                               0x08006dcf   Thumb Code    40  kservice.o(.text)
    rt_strcmp                                0x08006df7   Thumb Code    28  kservice.o(.text)
    rt_strdup                                0x08006e13   Thumb Code    40  kservice.o(.text)
    rt_hw_console_output                     0x08006e3b   Thumb Code     2  kservice.o(.text)
    rt_vsnprintf                             0x08006ff3   Thumb Code   800  kservice.o(.text)
    rt_kprintf                               0x08007313   Thumb Code    96  kservice.o(.text)
    rt_show_version                          0x08007373   Thumb Code    38  kservice.o(.text)
    rt_snprintf                              0x08007399   Thumb Code    38  kservice.o(.text)
    rt_vsprintf                              0x080073bf   Thumb Code    22  kservice.o(.text)
    rt_sprintf                               0x080073d5   Thumb Code    34  kservice.o(.text)
    rt_console_get_device                    0x080073f7   Thumb Code     6  kservice.o(.text)
    rt_console_set_device                    0x080073fd   Thumb Code    48  kservice.o(.text)
    rt_malloc_align                          0x0800742d   Thumb Code    66  kservice.o(.text)
    rt_free_align                            0x0800746f   Thumb Code    16  kservice.o(.text)
    __rt_ffs                                 0x0800747f   Thumb Code    70  kservice.o(.text)
    rt_assert_set_hook                       0x080074c5   Thumb Code     6  kservice.o(.text)
    rt_assert_handler                        0x080074cb   Thumb Code    56  kservice.o(.text)
    rt_malloc_sethook                        0x080075dd   Thumb Code     6  mem.o(.text)
    rt_free_sethook                          0x080075e3   Thumb Code     6  mem.o(.text)
    rt_system_heap_init                      0x08007689   Thumb Code   204  mem.o(.text)
    rt_malloc                                0x08007755   Thumb Code   520  mem.o(.text)
    rt_free                                  0x0800795d   Thumb Code   602  mem.o(.text)
    rt_realloc                               0x08007bb7   Thumb Code   312  mem.o(.text)
    rt_calloc                                0x08007cef   Thumb Code    84  mem.o(.text)
    rt_memory_info                           0x08007d43   Thumb Code    26  mem.o(.text)
    list_mem                                 0x08007d5d   Thumb Code    34  mem.o(.text)
    rt_object_attach_sethook                 0x08007e71   Thumb Code     6  object.o(.text)
    rt_object_detach_sethook                 0x08007e77   Thumb Code     6  object.o(.text)
    rt_object_trytake_sethook                0x08007e7d   Thumb Code     6  object.o(.text)
    rt_object_take_sethook                   0x08007e83   Thumb Code     6  object.o(.text)
    rt_object_put_sethook                    0x08007e89   Thumb Code     6  object.o(.text)
    rt_system_object_init                    0x08007e8f   Thumb Code     2  object.o(.text)
    rt_object_get_information                0x08007e91   Thumb Code    10  object.o(.text)
    rt_object_init                           0x08007e9b   Thumb Code    76  object.o(.text)
    rt_object_detach                         0x08007ee7   Thumb Code    56  object.o(.text)
    rt_object_allocate                       0x08007f1f   Thumb Code   132  object.o(.text)
    rt_object_delete                         0x08007fa3   Thumb Code    84  object.o(.text)
    rt_object_is_systemobject                0x08007ff7   Thumb Code    34  object.o(.text)
    rt_object_find                           0x08008019   Thumb Code   126  object.o(.text)
    rt_scheduler_sethook                     0x0800812d   Thumb Code     6  scheduler.o(.text)
    rt_system_scheduler_init                 0x0800818d   Thumb Code    56  scheduler.o(.text)
    rt_system_scheduler_start                0x080081c5   Thumb Code    36  scheduler.o(.text)
    rt_schedule                              0x080081e9   Thumb Code   134  scheduler.o(.text)
    rt_schedule_insert_thread                0x0800826f   Thumb Code    82  scheduler.o(.text)
    rt_schedule_remove_thread                0x080082c1   Thumb Code    94  scheduler.o(.text)
    rt_enter_critical                        0x0800831f   Thumb Code    28  scheduler.o(.text)
    rt_exit_critical                         0x0800833b   Thumb Code    54  scheduler.o(.text)
    rt_critical_level                        0x08008371   Thumb Code     8  scheduler.o(.text)
    rt_thread_exit                           0x08008435   Thumb Code    76  thread.o(.text)
    rt_thread_timeout                        0x08008481   Thumb Code    66  thread.o(.text)
    rt_thread_init                           0x0800854f   Thumb Code    74  thread.o(.text)
    rt_thread_self                           0x08008599   Thumb Code     6  thread.o(.text)
    rt_thread_resume                         0x0800859f   Thumb Code    78  thread.o(.text)
    rt_thread_startup                        0x080085ed   Thumb Code    80  thread.o(.text)
    rt_thread_detach                         0x0800863d   Thumb Code    72  thread.o(.text)
    rt_thread_create                         0x08008685   Thumb Code    80  thread.o(.text)
    rt_thread_delete                         0x080086d5   Thumb Code    64  thread.o(.text)
    rt_thread_yield                          0x08008715   Thumb Code    88  thread.o(.text)
    rt_thread_suspend                        0x0800876d   Thumb Code    76  thread.o(.text)
    rt_thread_sleep                          0x080087b9   Thumb Code    76  thread.o(.text)
    rt_thread_delay                          0x08008805   Thumb Code   208  thread.o(.text)
    rt_thread_control                        0x080088d5   Thumb Code   130  thread.o(.text)
    rt_thread_find                           0x08008957   Thumb Code    76  thread.o(.text)
    rt_timer_timeout_sethook                 0x080089bb   Thumb Code     6  timer.o(.text)
    rt_timer_init                            0x08008a4d   Thumb Code    58  timer.o(.text)
    rt_timer_detach                          0x08008a87   Thumb Code    44  timer.o(.text)
    rt_timer_create                          0x08008ab3   Thumb Code    54  timer.o(.text)
    rt_timer_delete                          0x08008ae9   Thumb Code    46  timer.o(.text)
    rt_timer_start                           0x08008b17   Thumb Code   292  timer.o(.text)
    rt_timer_stop                            0x08008c3b   Thumb Code    80  timer.o(.text)
    rt_timer_control                         0x08008c8b   Thumb Code    76  timer.o(.text)
    rt_timer_check                           0x08008cd7   Thumb Code   148  timer.o(.text)
    rt_timer_next_timeout_tick               0x08008d6b   Thumb Code    10  timer.o(.text)
    rt_system_timer_init                     0x08008d75   Thumb Code    24  timer.o(.text)
    rt_system_timer_thread_init              0x08008d8d   Thumb Code     2  timer.o(.text)
    rt_hw_stack_init                         0x08008e09   Thumb Code    74  cpuport.o(.text)
    rt_hw_exception_install                  0x08008e53   Thumb Code     6  cpuport.o(.text)
    rt_hw_hard_fault_exception               0x08008e59   Thumb Code   112  cpuport.o(.text)
    rt_hw_cpu_shutdown                       0x08008ec9   Thumb Code    20  cpuport.o(.text)
    rt_hw_interrupt_disable                  0x08008f99   Thumb Code     8  context_rvds.o(.text)
    rt_hw_interrupt_enable                   0x08008fa1   Thumb Code     6  context_rvds.o(.text)
    rt_hw_context_switch                     0x08008fa7   Thumb Code    32  context_rvds.o(.text)
    rt_hw_context_switch_interrupt           0x08008fa7   Thumb Code     0  context_rvds.o(.text)
    PendSV_Handler                           0x08008fc7   Thumb Code   108  context_rvds.o(.text)
    rt_hw_context_switch_to                  0x08009033   Thumb Code    68  context_rvds.o(.text)
    rt_hw_interrupt_thread_switch            0x08009077   Thumb Code     2  context_rvds.o(.text)
    HardFault_Handler                        0x08009079   Thumb Code    20  context_rvds.o(.text)
    rt_device_pin_register                   0x08009155   Thumb Code    56  pin.o(.text)
    rt_pin_mode                              0x0800918d   Thumb Code    38  pin.o(.text)
    rt_pin_write                             0x080091b3   Thumb Code    38  pin.o(.text)
    rt_pin_read                              0x080091d9   Thumb Code    34  pin.o(.text)
    rt_hw_serial_register                    0x080099b7   Thumb Code    76  serial.o(.text)
    rt_hw_serial_isr                         0x08009a03   Thumb Code   464  serial.o(.text)
    rt_completion_init                       0x08009e01   Thumb Code    42  completion.o(.text)
    rt_completion_wait                       0x08009e2b   Thumb Code   198  completion.o(.text)
    rt_completion_done                       0x08009ef1   Thumb Code    76  completion.o(.text)
    rt_data_queue_init                       0x08009fd7   Thumb Code    78  dataqueue.o(.text)
    rt_data_queue_push                       0x0800a025   Thumb Code   276  dataqueue.o(.text)
    rt_data_queue_pop                        0x0800a139   Thumb Code   340  dataqueue.o(.text)
    rt_data_queue_peak                       0x0800a28d   Thumb Code    94  dataqueue.o(.text)
    rt_data_queue_reset                      0x0800a2eb   Thumb Code   106  dataqueue.o(.text)
    finsh_set_device                         0x0800a3ff   Thumb Code   156  shell.o(.text)
    finsh_get_device                         0x0800a49b   Thumb Code    28  shell.o(.text)
    finsh_set_echo                           0x0800a4b7   Thumb Code    30  shell.o(.text)
    finsh_get_echo                           0x0800a4d5   Thumb Code    32  shell.o(.text)
    finsh_run_line                           0x0800a511   Thumb Code   164  shell.o(.text)
    finsh_thread_entry                       0x0800a671   Thumb Code  1646  shell.o(.text)
    finsh_system_function_init               0x0800acdf   Thumb Code    10  shell.o(.text)
    finsh_system_var_init                    0x0800ace9   Thumb Code    10  shell.o(.text)
    finsh_system_init                        0x0800acf3   Thumb Code   122  shell.o(.text)
    hello                                    0x0800add5   Thumb Code    12  cmd.o(.text)
    version                                  0x0800ade1   Thumb Code    10  cmd.o(.text)
    list_thread                              0x0800aee9   Thumb Code    10  cmd.o(.text)
    list_sem                                 0x0800afab   Thumb Code    12  cmd.o(.text)
    list_event                               0x0800b035   Thumb Code    12  cmd.o(.text)
    list_mutex                               0x0800b09d   Thumb Code    12  cmd.o(.text)
    list_mailbox                             0x0800b13b   Thumb Code    12  cmd.o(.text)
    list_msgqueue                            0x0800b4bd   Thumb Code    10  cmd.o(.text)
    list_mempool                             0x0800b54d   Thumb Code    12  cmd.o(.text)
    list_timer                               0x0800b5c9   Thumb Code    12  cmd.o(.text)
    list_device                              0x0800b63b   Thumb Code    12  cmd.o(.text)
    list                                     0x0800b647   Thumb Code   126  cmd.o(.text)
    list_prefix                              0x0800b707   Thumb Code   980  cmd.o(.text)
    finsh_compiler_run                       0x0800d2bb   Thumb Code    88  finsh_compiler.o(.text)
    finsh_error_init                         0x0800d325   Thumb Code     8  finsh_error.o(.text)
    finsh_error_set                          0x0800d32d   Thumb Code    10  finsh_error.o(.text)
    finsh_errno                              0x0800d337   Thumb Code     6  finsh_error.o(.text)
    finsh_error_string                       0x0800d33d   Thumb Code    10  finsh_error.o(.text)
    finsh_heap_init                          0x0800d351   Thumb Code    36  finsh_heap.o(.text)
    finsh_heap_free                          0x0800d475   Thumb Code    34  finsh_heap.o(.text)
    finsh_heap_allocate                      0x0800d4e5   Thumb Code   106  finsh_heap.o(.text)
    finsh_init                               0x0800d561   Thumb Code    30  finsh_init.o(.text)
    finsh_stack_bottom                       0x0800d57f   Thumb Code     6  finsh_init.o(.text)
    finsh_flush                              0x0800d585   Thumb Code    22  finsh_init.o(.text)
    finsh_reset                              0x0800d59b   Thumb Code    24  finsh_init.o(.text)
    finsh_node_init                          0x0800d5b9   Thumb Code    16  finsh_node.o(.text)
    finsh_node_allocate                      0x0800d5c9   Thumb Code    56  finsh_node.o(.text)
    finsh_node_new_id                        0x0800d601   Thumb Code   118  finsh_node.o(.text)
    finsh_node_new_char                      0x0800d677   Thumb Code    30  finsh_node.o(.text)
    finsh_node_new_int                       0x0800d695   Thumb Code    30  finsh_node.o(.text)
    finsh_node_new_long                      0x0800d6b3   Thumb Code    30  finsh_node.o(.text)
    finsh_node_new_string                    0x0800d6d1   Thumb Code    74  finsh_node.o(.text)
    finsh_node_new_ptr                       0x0800d71b   Thumb Code    30  finsh_node.o(.text)
    OP_no_op                                 0x0800d73d   Thumb Code     2  finsh_ops.o(.text)
    OP_add_byte                              0x0800d73f   Thumb Code    42  finsh_ops.o(.text)
    OP_add_word                              0x0800d769   Thumb Code    44  finsh_ops.o(.text)
    OP_add_dword                             0x0800d795   Thumb Code    42  finsh_ops.o(.text)
    OP_sub_byte                              0x0800d7bf   Thumb Code    42  finsh_ops.o(.text)
    OP_sub_word                              0x0800d7e9   Thumb Code    44  finsh_ops.o(.text)
    OP_sub_dword                             0x0800d815   Thumb Code    42  finsh_ops.o(.text)
    OP_div_byte                              0x0800d83f   Thumb Code    44  finsh_ops.o(.text)
    OP_div_word                              0x0800d86b   Thumb Code    46  finsh_ops.o(.text)
    OP_div_dword                             0x0800d899   Thumb Code    44  finsh_ops.o(.text)
    OP_mod_byte                              0x0800d8c5   Thumb Code    48  finsh_ops.o(.text)
    OP_mod_word                              0x0800d8f5   Thumb Code    48  finsh_ops.o(.text)
    OP_mod_dword                             0x0800d925   Thumb Code    48  finsh_ops.o(.text)
    OP_mul_byte                              0x0800d955   Thumb Code    44  finsh_ops.o(.text)
    OP_mul_word                              0x0800d981   Thumb Code    46  finsh_ops.o(.text)
    OP_mul_dword                             0x0800d9af   Thumb Code    42  finsh_ops.o(.text)
    OP_and_byte                              0x0800d9d9   Thumb Code    42  finsh_ops.o(.text)
    OP_and_word                              0x0800da03   Thumb Code    42  finsh_ops.o(.text)
    OP_and_dword                             0x0800da2d   Thumb Code    42  finsh_ops.o(.text)
    OP_or_byte                               0x0800da57   Thumb Code    42  finsh_ops.o(.text)
    OP_or_word                               0x0800da81   Thumb Code    42  finsh_ops.o(.text)
    OP_or_dword                              0x0800daab   Thumb Code    42  finsh_ops.o(.text)
    OP_xor_byte                              0x0800dad5   Thumb Code    42  finsh_ops.o(.text)
    OP_xor_word                              0x0800daff   Thumb Code    46  finsh_ops.o(.text)
    OP_xor_dword                             0x0800db2d   Thumb Code    42  finsh_ops.o(.text)
    OP_bw_byte                               0x0800db57   Thumb Code    20  finsh_ops.o(.text)
    OP_bw_word                               0x0800db6b   Thumb Code    20  finsh_ops.o(.text)
    OP_bw_dword                              0x0800db7f   Thumb Code    20  finsh_ops.o(.text)
    OP_shl_byte                              0x0800db93   Thumb Code    42  finsh_ops.o(.text)
    OP_shl_word                              0x0800dbbd   Thumb Code    44  finsh_ops.o(.text)
    OP_shl_dword                             0x0800dbe9   Thumb Code    42  finsh_ops.o(.text)
    OP_shr_byte                              0x0800dc13   Thumb Code    42  finsh_ops.o(.text)
    OP_shr_word                              0x0800dc3d   Thumb Code    42  finsh_ops.o(.text)
    OP_shr_dword                             0x0800dc67   Thumb Code    42  finsh_ops.o(.text)
    OP_ld_byte                               0x0800dc91   Thumb Code    34  finsh_ops.o(.text)
    OP_ld_word                               0x0800dcb3   Thumb Code    46  finsh_ops.o(.text)
    OP_ld_dword                              0x0800dce1   Thumb Code    64  finsh_ops.o(.text)
    OP_ld_value_byte                         0x0800dd21   Thumb Code    66  finsh_ops.o(.text)
    OP_ld_value_byte_stack                   0x0800dd63   Thumb Code    20  finsh_ops.o(.text)
    OP_ld_value_word                         0x0800dd77   Thumb Code    66  finsh_ops.o(.text)
    OP_ld_value_word_stack                   0x0800ddb9   Thumb Code    20  finsh_ops.o(.text)
    OP_ld_value_dword                        0x0800ddcd   Thumb Code    66  finsh_ops.o(.text)
    OP_ld_value_dword_stack                  0x0800de0f   Thumb Code    20  finsh_ops.o(.text)
    OP_st_byte                               0x0800de23   Thumb Code    30  finsh_ops.o(.text)
    OP_st_word                               0x0800de41   Thumb Code    30  finsh_ops.o(.text)
    OP_st_dword                              0x0800de5f   Thumb Code    30  finsh_ops.o(.text)
    OP_pop                                   0x0800de7d   Thumb Code    12  finsh_ops.o(.text)
    OP_call                                  0x0800de89   Thumb Code   906  finsh_ops.o(.text)
    finsh_parser_run                         0x0800eaa9   Thumb Code   220  finsh_parser.o(.text)
    finsh_parser_init                        0x0800eb85   Thumb Code    16  finsh_parser.o(.text)
    finsh_var_init                           0x0800eb95   Thumb Code    14  finsh_var.o(.text)
    finsh_var_insert                         0x0800eba3   Thumb Code   114  finsh_var.o(.text)
    finsh_var_delete                         0x0800ec15   Thumb Code    68  finsh_var.o(.text)
    finsh_var_lookup                         0x0800ec59   Thumb Code    58  finsh_var.o(.text)
    finsh_sysvar_append                      0x0800ec93   Thumb Code    62  finsh_var.o(.text)
    finsh_sysvar_lookup                      0x0800ecd1   Thumb Code    78  finsh_var.o(.text)
    finsh_vm_run                             0x0800ed31   Thumb Code    62  finsh_vm.o(.text)
    finsh_syscall_append                     0x0800ed6f   Thumb Code    54  finsh_vm.o(.text)
    finsh_syscall_lookup                     0x0800eda5   Thumb Code    78  finsh_vm.o(.text)
    finsh_token_init                         0x0800ee15   Thumb Code    20  finsh_token.o(.text)
    token_get_string                         0x0800f22d   Thumb Code   120  finsh_token.o(.text)
    finsh_token_token                        0x0800f465   Thumb Code    24  finsh_token.o(.text)
    finsh_token_get_token                    0x0800f47d   Thumb Code    20  finsh_token.o(.text)
    disk_status                              0x0800f495   Thumb Code    28  diskio.o(.text)
    disk_initialize                          0x0800f4b1   Thumb Code    42  diskio.o(.text)
    disk_read                                0x0800f4db   Thumb Code   180  diskio.o(.text)
    disk_write                               0x0800f58f   Thumb Code   186  diskio.o(.text)
    disk_ioctl                               0x0800f649   Thumb Code   102  diskio.o(.text)
    get_fattime                              0x0800f6af   Thumb Code     4  diskio.o(.text)
    clust2sect                               0x0800f873   Thumb Code    26  ff.o(.text)
    get_fat                                  0x0800f88d   Thumb Code   318  ff.o(.text)
    put_fat                                  0x0800f9cb   Thumb Code   392  ff.o(.text)
    f_mount                                  0x08010dcd   Thumb Code    86  ff.o(.text)
    f_open                                   0x08010e23   Thumb Code   382  ff.o(.text)
    f_read                                   0x08010fa1   Thumb Code   480  ff.o(.text)
    f_write                                  0x08011181   Thumb Code   524  ff.o(.text)
    f_sync                                   0x0801138d   Thumb Code   176  ff.o(.text)
    f_close                                  0x0801143d   Thumb Code    32  ff.o(.text)
    f_lseek                                  0x0801145d   Thumb Code   410  ff.o(.text)
    f_opendir                                0x080115f7   Thumb Code   118  ff.o(.text)
    f_closedir                               0x0801166d   Thumb Code    22  ff.o(.text)
    f_readdir                                0x08011683   Thumb Code   100  ff.o(.text)
    f_stat                                   0x080116e7   Thumb Code    68  ff.o(.text)
    f_getfree                                0x0801172b   Thumb Code   258  ff.o(.text)
    f_truncate                               0x0801182d   Thumb Code   184  ff.o(.text)
    f_unlink                                 0x080118e5   Thumb Code   174  ff.o(.text)
    f_mkdir                                  0x08011993   Thumb Code   358  ff.o(.text)
    f_chmod                                  0x08011af9   Thumb Code    92  ff.o(.text)
    f_rename                                 0x08011b55   Thumb Code   266  ff.o(.text)
    f_utime                                  0x08011c5f   Thumb Code    94  ff.o(.text)
    f_mkfs                                   0x08011cbd   Thumb Code  1622  ff.o(.text)
    ff_convert                               0x08012341   Thumb Code   116  cc936.o(.text)
    ff_wtoupper                              0x080123b5   Thumb Code    84  cc936.o(.text)
    SD_LowLevel_DeInit                       0x08012419   Thumb Code   140  bsp_sdio_sd.o(.text)
    SD_LowLevel_Init                         0x080124a5   Thumb Code   156  bsp_sdio_sd.o(.text)
    SD_LowLevel_DMA_TxConfig                 0x08012541   Thumb Code   136  bsp_sdio_sd.o(.text)
    SD_LowLevel_DMA_RxConfig                 0x080125c9   Thumb Code   136  bsp_sdio_sd.o(.text)
    SD_DeInit                                0x08012651   Thumb Code     8  bsp_sdio_sd.o(.text)
    SD_EnableWideBusOperation                0x08012a3d   Thumb Code   136  bsp_sdio_sd.o(.text)
    SD_SelectDeselect                        0x08012ac5   Thumb Code    50  bsp_sdio_sd.o(.text)
    SD_GetCardInfo                           0x08012af7   Thumb Code   806  bsp_sdio_sd.o(.text)
    SD_InitializeCards                       0x08012efb   Thumb Code   294  bsp_sdio_sd.o(.text)
    SD_PowerON                               0x080130e1   Thumb Code   400  bsp_sdio_sd.o(.text)
    SD_Init                                  0x08013271   Thumb Code   182  bsp_sdio_sd.o(.text)
    SD_SendStatus                            0x08013327   Thumb Code    74  bsp_sdio_sd.o(.text)
    SD_Detect                                0x08013371   Thumb Code    12  bsp_sdio_sd.o(.text)
    SD_GetState                              0x0801337d   Thumb Code    38  bsp_sdio_sd.o(.text)
    SD_GetStatus                             0x080133a3   Thumb Code    30  bsp_sdio_sd.o(.text)
    SD_PowerOFF                              0x080133c1   Thumb Code    14  bsp_sdio_sd.o(.text)
    SD_SendSDStatus                          0x080133cf   Thumb Code   400  bsp_sdio_sd.o(.text)
    SD_GetCardStatus                         0x0801355f   Thumb Code   156  bsp_sdio_sd.o(.text)
    SD_ReadBlock                             0x080135fb   Thumb Code   210  bsp_sdio_sd.o(.text)
    SD_ReadMultiBlocks                       0x080136cd   Thumb Code   220  bsp_sdio_sd.o(.text)
    SD_StopTransfer                          0x080137a9   Thumb Code    46  bsp_sdio_sd.o(.text)
    SD_WaitReadOperation                     0x080137d7   Thumb Code   110  bsp_sdio_sd.o(.text)
    SD_WriteBlock                            0x08013845   Thumb Code   208  bsp_sdio_sd.o(.text)
    SD_WriteMultiBlocks                      0x08013915   Thumb Code   350  bsp_sdio_sd.o(.text)
    SD_WaitWriteOperation                    0x08013a73   Thumb Code   108  bsp_sdio_sd.o(.text)
    SD_GetTransferState                      0x08013adf   Thumb Code    18  bsp_sdio_sd.o(.text)
    SD_Erase                                 0x08013c7d   Thumb Code   394  bsp_sdio_sd.o(.text)
    SD_ProcessIRQSrc                         0x08013e07   Thumb Code   162  bsp_sdio_sd.o(.text)
    SD_ProcessDMAIRQ                         0x08013ea9   Thumb Code    32  bsp_sdio_sd.o(.text)
    convert_from_bytes_to_power_of_two       0x08013ec9   Thumb Code    18  bsp_sdio_sd.o(.text)
    SD_HighSpeed                             0x08013edb   Thumb Code   410  bsp_sdio_sd.o(.text)
    SDIO_IRQHandler                          0x08014075   Thumb Code     8  bsp_sdio_sd.o(.text)
    DMA2_Stream3_IRQHandler                  0x0801407d   Thumb Code     8  bsp_sdio_sd.o(.text)
    USBD_OTG_ISR_Handler                     0x08014737   Thumb Code   224  usb_dcd_int.o(.text)
    DCD_Init                                 0x0801481d   Thumb Code   156  usb_dcd.o(.text)
    DCD_EP_Open                              0x080148b9   Thumb Code   104  usb_dcd.o(.text)
    DCD_EP_Close                             0x08014921   Thumb Code    74  usb_dcd.o(.text)
    DCD_EP_PrepareRx                         0x0801496b   Thumb Code    82  usb_dcd.o(.text)
    DCD_EP_Tx                                0x080149bd   Thumb Code    78  usb_dcd.o(.text)
    DCD_EP_Stall                             0x08014a0b   Thumb Code    72  usb_dcd.o(.text)
    DCD_EP_ClrStall                          0x08014a53   Thumb Code    72  usb_dcd.o(.text)
    DCD_EP_Flush                             0x08014a9b   Thumb Code    36  usb_dcd.o(.text)
    DCD_EP_SetAddress                        0x08014abf   Thumb Code    28  usb_dcd.o(.text)
    DCD_DevConnect                           0x08014adb   Thumb Code    32  usb_dcd.o(.text)
    DCD_DevDisconnect                        0x08014afb   Thumb Code    34  usb_dcd.o(.text)
    DCD_GetEPStatus                          0x08014b1d   Thumb Code    64  usb_dcd.o(.text)
    DCD_SetEPStatus                          0x08014b5d   Thumb Code    62  usb_dcd.o(.text)
    USB_OTG_WritePacket                      0x08014c3d   Thumb Code    64  usb_core.o(.text)
    USB_OTG_ReadPacket                       0x08014c7d   Thumb Code    40  usb_core.o(.text)
    USB_OTG_SelectCore                       0x08014ca5   Thumb Code   204  usb_core.o(.text)
    USB_OTG_CoreInit                         0x08014d71   Thumb Code   294  usb_core.o(.text)
    USB_OTG_EnableGlobalInt                  0x08014e97   Thumb Code    34  usb_core.o(.text)
    USB_OTG_DisableGlobalInt                 0x08014eb9   Thumb Code    34  usb_core.o(.text)
    USB_OTG_FlushTxFifo                      0x08014edb   Thumb Code    80  usb_core.o(.text)
    USB_OTG_FlushRxFifo                      0x08014f2b   Thumb Code    70  usb_core.o(.text)
    USB_OTG_SetCurrentMode                   0x08014f71   Thumb Code    78  usb_core.o(.text)
    USB_OTG_GetMode                          0x08014fbf   Thumb Code    22  usb_core.o(.text)
    USB_OTG_IsDeviceMode                     0x08014fd5   Thumb Code    22  usb_core.o(.text)
    USB_OTG_IsHostMode                       0x08014feb   Thumb Code    20  usb_core.o(.text)
    USB_OTG_ReadCoreItr                      0x08014fff   Thumb Code    16  usb_core.o(.text)
    USB_OTG_ReadOtgItr                       0x0801500f   Thumb Code     8  usb_core.o(.text)
    USB_OTG_InitDevSpeed                     0x08015017   Thumb Code    24  usb_core.o(.text)
    USB_OTG_EnableDevInt                     0x0801502f   Thumb Code   154  usb_core.o(.text)
    USB_OTG_CoreInitDev                      0x080150c9   Thumb Code   522  usb_core.o(.text)
    USB_OTG_GetDeviceSpeed                   0x080152d3   Thumb Code    52  usb_core.o(.text)
    USB_OTG_EP0Activate                      0x08015307   Thumb Code   106  usb_core.o(.text)
    USB_OTG_EPActivate                       0x08015371   Thumb Code   152  usb_core.o(.text)
    USB_OTG_EPDeactivate                     0x08015409   Thumb Code    94  usb_core.o(.text)
    USB_OTG_EPStartXfer                      0x08015467   Thumb Code   502  usb_core.o(.text)
    USB_OTG_EP0StartXfer                     0x0801565d   Thumb Code   342  usb_core.o(.text)
    USB_OTG_EPSetStall                       0x080157b3   Thumb Code   100  usb_core.o(.text)
    USB_OTG_EPClearStall                     0x08015817   Thumb Code    80  usb_core.o(.text)
    USB_OTG_ReadDevAllOutEp_itr              0x08015867   Thumb Code    16  usb_core.o(.text)
    USB_OTG_ReadDevOutEP_itr                 0x08015877   Thumb Code    20  usb_core.o(.text)
    USB_OTG_ReadDevAllInEPItr                0x0801588b   Thumb Code    16  usb_core.o(.text)
    USB_OTG_EP0_OutStart                     0x0801589b   Thumb Code    98  usb_core.o(.text)
    USB_OTG_ActiveRemoteWakeup               0x080158fd   Thumb Code   106  usb_core.o(.text)
    USB_OTG_UngateClock                      0x08015967   Thumb Code    54  usb_core.o(.text)
    USB_OTG_StopDevice                       0x0801599d   Thumb Code    82  usb_core.o(.text)
    USB_OTG_GetEPStatus                      0x080159ef   Thumb Code   106  usb_core.o(.text)
    USB_OTG_SetEPStatus                      0x08015a59   Thumb Code   282  usb_core.o(.text)
    USBD_DeInit                              0x08015b75   Thumb Code     6  usbd_core.o(.text)
    USBD_Init                                0x08015b7b   Thumb Code    66  usbd_core.o(.text)
    USBD_SetCfg                              0x08015e0f   Thumb Code    30  usbd_core.o(.text)
    USBD_ClrCfg                              0x08015e2d   Thumb Code    22  usbd_core.o(.text)
    USBD_CtlSendData                         0x08015e6d   Thumb Code    46  usbd_ioreq.o(.text)
    USBD_CtlContinueSendData                 0x08015e9b   Thumb Code    30  usbd_ioreq.o(.text)
    USBD_CtlPrepareRx                        0x08015eb9   Thumb Code    46  usbd_ioreq.o(.text)
    USBD_CtlContinueRx                       0x08015ee7   Thumb Code    30  usbd_ioreq.o(.text)
    USBD_CtlSendStatus                       0x08015f05   Thumb Code    36  usbd_ioreq.o(.text)
    USBD_CtlReceiveStatus                    0x08015f29   Thumb Code    36  usbd_ioreq.o(.text)
    USBD_GetRxCount                          0x08015f4d   Thumb Code    20  usbd_ioreq.o(.text)
    USBD_CtlError                            0x08015f61   Thumb Code    30  usbd_req.o(.text)
    USBD_StdDevReq                           0x08016349   Thumb Code   114  usbd_req.o(.text)
    USBD_StdItfReq                           0x080163bb   Thumb Code    76  usbd_req.o(.text)
    USBD_StdEPReq                            0x08016407   Thumb Code   360  usbd_req.o(.text)
    USBD_ParseSetupRequest                   0x0801656f   Thumb Code    72  usbd_req.o(.text)
    USBD_GetString                           0x080165cb   Thumb Code    82  usbd_req.o(.text)
    MSC_BOT_Init                             0x08016621   Thumb Code    54  usbd_msc_bot.o(.text)
    MSC_BOT_Reset                            0x08016657   Thumb Code    30  usbd_msc_bot.o(.text)
    MSC_BOT_DeInit                           0x08016675   Thumb Code     8  usbd_msc_bot.o(.text)
    MSC_BOT_SendCSW                          0x0801667d   Thumb Code    48  usbd_msc_bot.o(.text)
    MSC_BOT_DataIn                           0x080166ad   Thumb Code    70  usbd_msc_bot.o(.text)
    MSC_BOT_DataOut                          0x0801681d   Thumb Code    60  usbd_msc_bot.o(.text)
    MSC_BOT_CplClrFeature                    0x08016859   Thumb Code    56  usbd_msc_bot.o(.text)
    USBD_MSC_DeInit                          0x080168b5   Thumb Code    32  usbd_msc_core.o(.text)
    USBD_MSC_Init                            0x080168d5   Thumb Code    48  usbd_msc_core.o(.text)
    USBD_MSC_Setup                           0x08016905   Thumb Code   276  usbd_msc_core.o(.text)
    USBD_MSC_DataIn                          0x08016a19   Thumb Code    18  usbd_msc_core.o(.text)
    USBD_MSC_DataOut                         0x08016a2b   Thumb Code    18  usbd_msc_core.o(.text)
    USBD_MSC_GetCfgDesc                      0x08016a3d   Thumb Code    10  usbd_msc_core.o(.text)
    SCSI_SenseCode                           0x08016a59   Thumb Code    50  usbd_msc_scsi.o(.text)
    SCSI_ProcessCmd                          0x080170df   Thumb Code   210  usbd_msc_scsi.o(.text)
    USB_OTG_BSP_Init                         0x080171e5   Thumb Code    80  usb_bsp.o(.text)
    USB_OTG_BSP_EnableInterrupt              0x08017235   Thumb Code    36  usb_bsp.o(.text)
    USB_OTG_BSP_DisableInterrupt             0x08017259   Thumb Code     2  usb_bsp.o(.text)
    USB_OTG_BSP_DriveVBUS                    0x0801725b   Thumb Code     2  usb_bsp.o(.text)
    USB_OTG_BSP_ConfigVBUS                   0x0801725d   Thumb Code     2  usb_bsp.o(.text)
    rt_hw_us_delay                           0x0801725f   Thumb Code    38  usb_bsp.o(.text)
    rt_hw_ms_delay                           0x08017285   Thumb Code    30  usb_bsp.o(.text)
    USB_OTG_BSP_uDelay                       0x080172a3   Thumb Code    12  usb_bsp.o(.text)
    USB_OTG_BSP_mDelay                       0x080172af   Thumb Code    12  usb_bsp.o(.text)
    USBD_USR_DeviceDescriptor                0x080172c1   Thumb Code    10  usbd_desc.o(.text)
    USBD_USR_LangIDStrDescriptor             0x080172cb   Thumb Code    10  usbd_desc.o(.text)
    USBD_USR_ProductStrDescriptor            0x080172d5   Thumb Code    34  usbd_desc.o(.text)
    USBD_USR_ManufacturerStrDescriptor       0x080172f7   Thumb Code    20  usbd_desc.o(.text)
    USBD_USR_SerialStrDescriptor             0x0801730b   Thumb Code    34  usbd_desc.o(.text)
    USBD_USR_ConfigStrDescriptor             0x0801732d   Thumb Code    34  usbd_desc.o(.text)
    USBD_USR_InterfaceStrDescriptor          0x0801734f   Thumb Code    34  usbd_desc.o(.text)
    STORAGE_Init                             0x080173e9   Thumb Code    12  usbd_storage_msd.o(.text)
    STORAGE_GetCapacity                      0x080173f5   Thumb Code    42  usbd_storage_msd.o(.text)
    STORAGE_IsReady                          0x0801741f   Thumb Code    18  usbd_storage_msd.o(.text)
    STORAGE_IsWriteProtected                 0x08017431   Thumb Code     6  usbd_storage_msd.o(.text)
    STORAGE_Read                             0x08017437   Thumb Code    58  usbd_storage_msd.o(.text)
    STORAGE_Write                            0x08017471   Thumb Code    58  usbd_storage_msd.o(.text)
    STORAGE_GetMaxLun                        0x080174ab   Thumb Code     4  usbd_storage_msd.o(.text)
    OTG_FS_IRQHandler                        0x080174b9   Thumb Code    10  usbd_usr.o(.text)
    USBD_USR_Init                            0x080174c3   Thumb Code     2  usbd_usr.o(.text)
    USBD_USR_DeviceReset                     0x080174c5   Thumb Code    40  usbd_usr.o(.text)
    USBD_USR_DeviceConfigured                0x080174ed   Thumb Code    10  usbd_usr.o(.text)
    USBD_USR_DeviceSuspended                 0x080174f7   Thumb Code    10  usbd_usr.o(.text)
    USBD_USR_DeviceResumed                   0x08017501   Thumb Code    10  usbd_usr.o(.text)
    USBD_USR_DeviceConnected                 0x0801750b   Thumb Code    16  usbd_usr.o(.text)
    USBD_USR_DeviceDisconnected              0x0801751b   Thumb Code    16  usbd_usr.o(.text)
    SDIO_Register_Deinit                     0x08017621   Thumb Code    48  sd_bsp.o(.text)
    CmdResp1Error                            0x08017677   Thumb Code    96  sd_bsp.o(.text)
    FindSCR                                  0x080176d7   Thumb Code   390  sd_bsp.o(.text)
    SDEnWideBus                              0x0801785d   Thumb Code   160  sd_bsp.o(.text)
    CmdResp2Error                            0x08017caf   Thumb Code    80  sd_bsp.o(.text)
    CmdResp6Error                            0x08017cff   Thumb Code   144  sd_bsp.o(.text)
    CmdResp3Error                            0x08017ef1   Thumb Code    52  sd_bsp.o(.text)
    CmdResp7Error                            0x08017f25   Thumb Code    72  sd_bsp.o(.text)
    CmdError                                 0x08017f6d   Thumb Code    48  sd_bsp.o(.text)
    USB_SD_Init                              0x08018169   Thumb Code   334  sd_bsp.o(.text)
    IsCardProgramming                        0x0801886d   Thumb Code   150  sd_bsp.o(.text)
    USB_SD_ProcessIRQSrc                     0x08019053   Thumb Code   300  sd_bsp.o(.text)
    SD_ReadDisk                              0x0801917f   Thumb Code   152  sd_bsp.o(.text)
    SD_WriteDisk                             0x08019217   Thumb Code   152  sd_bsp.o(.text)
    __aeabi_uldivmod                         0x080192d5   Thumb Code    98  uldiv.o(.text)
    __aeabi_ldivmod                          0x08019337   Thumb Code    98  ldiv.o(.text)
    __aeabi_memcpy                           0x08019399   Thumb Code    36  memcpya.o(.text)
    __aeabi_memcpy4                          0x08019399   Thumb Code     0  memcpya.o(.text)
    __aeabi_memcpy8                          0x08019399   Thumb Code     0  memcpya.o(.text)
    __aeabi_memset                           0x080193bd   Thumb Code    14  memseta.o(.text)
    __aeabi_memset4                          0x080193bd   Thumb Code     0  memseta.o(.text)
    __aeabi_memset8                          0x080193bd   Thumb Code     0  memseta.o(.text)
    __aeabi_memclr                           0x080193cb   Thumb Code     4  memseta.o(.text)
    __aeabi_memclr4                          0x080193cb   Thumb Code     0  memseta.o(.text)
    __aeabi_memclr8                          0x080193cb   Thumb Code     0  memseta.o(.text)
    _memset$wrapper                          0x080193cf   Thumb Code    18  memseta.o(.text)
    strncpy                                  0x080193e1   Thumb Code    24  strncpy.o(.text)
    strlen                                   0x080193f9   Thumb Code    14  strlen.o(.text)
    strcmp                                   0x08019407   Thumb Code    28  strcmp.o(.text)
    strncmp                                  0x08019423   Thumb Code    30  strncmp.o(.text)
    atoi                                     0x08019441   Thumb Code    26  atoi.o(.text)
    __aeabi_uidiv                            0x0801945b   Thumb Code     0  uidiv.o(.text)
    __aeabi_uidivmod                         0x0801945b   Thumb Code    44  uidiv.o(.text)
    __aeabi_llsl                             0x08019487   Thumb Code    30  llshl.o(.text)
    _ll_shift_l                              0x08019487   Thumb Code     0  llshl.o(.text)
    __aeabi_llsr                             0x080194a5   Thumb Code    32  llushr.o(.text)
    _ll_ushift_r                             0x080194a5   Thumb Code     0  llushr.o(.text)
    strtol                                   0x080194c5   Thumb Code   112  strtol.o(.text)
    __scatterload                            0x08019535   Thumb Code    28  init.o(.text)
    __scatterload_rt2                        0x08019535   Thumb Code     0  init.o(.text)
    __rt_ctype_table                         0x08019559   Thumb Code     4  ctype_o.o(.text)
    _strtoul                                 0x08019561   Thumb Code   158  _strtoul.o(.text)
    _chval                                   0x080195ff   Thumb Code    28  _chval.o(.text)
    __decompress                             0x0801961b   Thumb Code     0  __dczerorl2.o(.text)
    __decompress1                            0x0801961b   Thumb Code    86  __dczerorl2.o(.text)
    __0printf$3                              0x08019671   Thumb Code    22  printf3.o(i.__0printf$3)
    __1printf$3                              0x08019671   Thumb Code     0  printf3.o(i.__0printf$3)
    __2printf                                0x08019671   Thumb Code     0  printf3.o(i.__0printf$3)
    __0sprintf$3                             0x08019691   Thumb Code    34  printf3.o(i.__0sprintf$3)
    __1sprintf$3                             0x08019691   Thumb Code     0  printf3.o(i.__0sprintf$3)
    __2sprintf                               0x08019691   Thumb Code     0  printf3.o(i.__0sprintf$3)
    __aeabi_errno_addr                       0x080196b9   Thumb Code     4  errno.o(i.__aeabi_errno_addr)
    __rt_errno_addr                          0x080196b9   Thumb Code     0  errno.o(i.__aeabi_errno_addr)
    __scatterload_copy                       0x080196c1   Thumb Code    14  handlers.o(i.__scatterload_copy)
    __scatterload_null                       0x080196cf   Thumb Code     2  handlers.o(i.__scatterload_null)
    __scatterload_zeroinit                   0x080196d1   Thumb Code    14  handlers.o(i.__scatterload_zeroinit)
    __lowest_bit_bitmap                      0x08019f01   Data         256  kservice.o(.constdata)
    op_table                                 0x0801a4d0   Data         196  finsh_ops.o(.constdata)
    MSC_Page00_Inquiry_Data                  0x080456ce   Data           7  usbd_msc_data.o(.constdata)
    MSC_Mode_Sense6_data                     0x080456d5   Data           8  usbd_msc_data.o(.constdata)
    MSC_Mode_Sense10_data                    0x080456dd   Data           8  usbd_msc_data.o(.constdata)
    STORAGE_Inquirydata                      0x080456e5   Data          36  usbd_storage_msd.o(.constdata)
    __ctype_table                            0x08045709   Data         129  ctype_o.o(.constdata)
    __fsym_list_mem_name                     0x08045b12   Data           9  mem.o(.rodata.name)
    __fsym_list_mem_desc                     0x08045b1b   Data          30  mem.o(.rodata.name)
    __fsym_pinMode_name                      0x08045b39   Data           8  pin.o(.rodata.name)
    __fsym_pinMode_desc                      0x08045b41   Data          22  pin.o(.rodata.name)
    __fsym_pinWrite_name                     0x08045b57   Data           9  pin.o(.rodata.name)
    __fsym_pinWrite_desc                     0x08045b60   Data          28  pin.o(.rodata.name)
    __fsym_pinRead_name                      0x08045b7c   Data           8  pin.o(.rodata.name)
    __fsym_pinRead_desc                      0x08045b84   Data          30  pin.o(.rodata.name)
    __fsym_hello_name                        0x08045ba2   Data           6  cmd.o(.rodata.name)
    __fsym_hello_desc                        0x08045ba8   Data          16  cmd.o(.rodata.name)
    __fsym_version_name                      0x08045bb8   Data           8  cmd.o(.rodata.name)
    __fsym_version_desc                      0x08045bc0   Data          35  cmd.o(.rodata.name)
    __fsym_list_thread_name                  0x08045be3   Data          12  cmd.o(.rodata.name)
    __fsym_list_thread_desc                  0x08045bef   Data          12  cmd.o(.rodata.name)
    __fsym_list_sem_name                     0x08045bfb   Data           9  cmd.o(.rodata.name)
    __fsym_list_sem_desc                     0x08045c04   Data          25  cmd.o(.rodata.name)
    __fsym_list_event_name                   0x08045c1d   Data          11  cmd.o(.rodata.name)
    __fsym_list_event_desc                   0x08045c28   Data          21  cmd.o(.rodata.name)
    __fsym_list_mutex_name                   0x08045c3d   Data          11  cmd.o(.rodata.name)
    __fsym_list_mutex_desc                   0x08045c48   Data          21  cmd.o(.rodata.name)
    __fsym_list_mailbox_name                 0x08045c5d   Data          13  cmd.o(.rodata.name)
    __fsym_list_mailbox_desc                 0x08045c6a   Data          24  cmd.o(.rodata.name)
    __fsym_list_msgqueue_name                0x08045c82   Data          14  cmd.o(.rodata.name)
    __fsym_list_msgqueue_desc                0x08045c90   Data          29  cmd.o(.rodata.name)
    __fsym_list_mempool_name                 0x08045cad   Data          13  cmd.o(.rodata.name)
    __fsym_list_mempool_desc                 0x08045cba   Data          27  cmd.o(.rodata.name)
    __fsym_list_timer_name                   0x08045cd5   Data          11  cmd.o(.rodata.name)
    __fsym_list_timer_desc                   0x08045ce0   Data          21  cmd.o(.rodata.name)
    __fsym_list_device_name                  0x08045cf5   Data          12  cmd.o(.rodata.name)
    __fsym_list_device_desc                  0x08045d01   Data          22  cmd.o(.rodata.name)
    __fsym_list_name                         0x08045d17   Data           5  cmd.o(.rodata.name)
    __fsym_list_desc                         0x08045d1c   Data          26  cmd.o(.rodata.name)
    __vsym_dummy_name                        0x08045d36   Data           6  cmd.o(.rodata.name)
    __vsym_dummy_desc                        0x08045d3c   Data          25  cmd.o(.rodata.name)
    FSymTab$$Base                            0x08045d58   Number         0  mem.o(FSymTab)
    __fsym_list_mem                          0x08045d58   Data          12  mem.o(FSymTab)
    __fsym_pinMode                           0x08045d64   Data          12  pin.o(FSymTab)
    __fsym_pinWrite                          0x08045d70   Data          12  pin.o(FSymTab)
    __fsym_pinRead                           0x08045d7c   Data          12  pin.o(FSymTab)
    __fsym_hello                             0x08045d88   Data          12  cmd.o(FSymTab)
    __fsym_version                           0x08045d94   Data          12  cmd.o(FSymTab)
    __fsym_list_thread                       0x08045da0   Data          12  cmd.o(FSymTab)
    __fsym_list_sem                          0x08045dac   Data          12  cmd.o(FSymTab)
    __fsym_list_event                        0x08045db8   Data          12  cmd.o(FSymTab)
    __fsym_list_mutex                        0x08045dc4   Data          12  cmd.o(FSymTab)
    __fsym_list_mailbox                      0x08045dd0   Data          12  cmd.o(FSymTab)
    __fsym_list_msgqueue                     0x08045ddc   Data          12  cmd.o(FSymTab)
    __fsym_list_mempool                      0x08045de8   Data          12  cmd.o(FSymTab)
    __fsym_list_timer                        0x08045df4   Data          12  cmd.o(FSymTab)
    __fsym_list_device                       0x08045e00   Data          12  cmd.o(FSymTab)
    __fsym_list                              0x08045e0c   Data          12  cmd.o(FSymTab)
    FSymTab$$Limit                           0x08045e18   Number         0  cmd.o(FSymTab)
    Region$$Table$$Base                      0x08045e18   Number         0  anon$$obj.o(Region$$Table)
    Region$$Table$$Limit                     0x08045e38   Number         0  anon$$obj.o(Region$$Table)
    VSymTab$$Base                            0x08045e38   Number         0  cmd.o(VSymTab)
    __vsym_dummy                             0x08045e38   Data          16  cmd.o(VSymTab)
    VSymTab$$Limit                           0x08045e48   Number         0  cmd.o(VSymTab)
    Usart1                                   0x20000000   Data           4  application.o(.data)
    res_sd                                   0x20000004   Data           1  application.o(.data)
    fnum                                     0x20000008   Data           4  application.o(.data)
    WriteBuffer                              0x2000000c   Data          70  application.o(.data)
    uart1                                    0x20000054   Data          32  usart.o(.data)
    uart2                                    0x20000074   Data          32  usart.o(.data)
    uart3                                    0x20000094   Data          32  usart.o(.data)
    SystemCoreClock                          0x200000b4   Data           4  system_stm32f4xx.o(.data)
    AHBPrescTable                            0x200000b8   Data          16  system_stm32f4xx.o(.data)
    rt_interrupt_nest                        0x200000e0   Data           1  irq.o(.data)
    rt_assert_hook                           0x200000ec   Data           4  kservice.o(.data)
    rt_object_container                      0x20000110   Data         144  object.o(.data)
    rt_object_trytake_hook                   0x200001a8   Data           4  object.o(.data)
    rt_object_take_hook                      0x200001ac   Data           4  object.o(.data)
    rt_object_put_hook                       0x200001b0   Data           4  object.o(.data)
    rt_current_thread                        0x200001b8   Data           4  scheduler.o(.data)
    rt_current_priority                      0x200001bc   Data           1  scheduler.o(.data)
    rt_thread_ready_priority_group           0x200001c0   Data           4  scheduler.o(.data)
    rt_thread_defunct                        0x200001c4   Data           8  scheduler.o(.data)
    rt_interrupt_from_thread                 0x200001e0   Data           4  cpuport.o(.data)
    rt_interrupt_to_thread                   0x200001e4   Data           4  cpuport.o(.data)
    rt_thread_switch_interrupt_flag          0x200001e8   Data           4  cpuport.o(.data)
    shell                                    0x200001f4   Data           4  shell.o(.data)
    _syscall_table_begin                     0x200001f8   Data           4  symbol.o(.data)
    _syscall_table_end                       0x200001fc   Data           4  symbol.o(.data)
    _sysvar_table_begin                      0x20000200   Data           4  symbol.o(.data)
    _sysvar_table_end                        0x20000204   Data           4  symbol.o(.data)
    finsh_compile_sp                         0x2000020c   Data           4  finsh_compiler.o(.data)
    finsh_compile_pc                         0x20000210   Data           4  finsh_compiler.o(.data)
    global_errno                             0x20000214   Data           1  finsh_error.o(.data)
    global_sysvar_list                       0x2000025c   Data           4  finsh_var.o(.data)
    finsh_sp                                 0x20000260   Data           4  finsh_vm.o(.data)
    finsh_pc                                 0x20000264   Data           4  finsh_vm.o(.data)
    global_syscall_list                      0x20000268   Data           4  finsh_vm.o(.data)
    StopCondition                            0x20000280   Data           4  bsp_sdio_sd.o(.data)
    TransferError                            0x20000284   Data           1  bsp_sdio_sd.o(.data)
    TransferEnd                              0x20000288   Data           4  bsp_sdio_sd.o(.data)
    DMAEndOfTransfer                         0x2000028c   Data           4  bsp_sdio_sd.o(.data)
    SET_TEST_MODE                            0x20000290   Data           4  usbd_core.o(.data)
    USBD_DCD_INT_cb                          0x20000294   Data          44  usbd_core.o(.data)
    USBD_DCD_INT_fops                        0x200002c0   Data           4  usbd_core.o(.data)
    USBD_ep_status                           0x200002c4   Data           4  usbd_req.o(.data)
    USBD_default_cfg                         0x200002c8   Data           4  usbd_req.o(.data)
    USBD_cfg_status                          0x200002cc   Data           4  usbd_req.o(.data)
    MSC_BOT_DataLen                          0x200002d2   Data           2  usbd_msc_bot.o(.data)
    MSC_BOT_State                            0x200002d4   Data           1  usbd_msc_bot.o(.data)
    MSC_BOT_Status                           0x200002d5   Data           1  usbd_msc_bot.o(.data)
    USBD_MSC_cb                              0x200002d8   Data          44  usbd_msc_core.o(.data)
    USBD_MSC_CfgDesc                         0x20000304   Data          32  usbd_msc_core.o(.data)
    SCSI_Sense_Head                          0x20000328   Data           1  usbd_msc_scsi.o(.data)
    SCSI_Sense_Tail                          0x20000329   Data           1  usbd_msc_scsi.o(.data)
    SCSI_blk_size                            0x2000032c   Data           4  usbd_msc_scsi.o(.data)
    SCSI_blk_nbr                             0x20000330   Data           4  usbd_msc_scsi.o(.data)
    SCSI_blk_addr                            0x20000338   Data           8  usbd_msc_scsi.o(.data)
    SCSI_blk_len                             0x20000340   Data           4  usbd_msc_scsi.o(.data)
    cdev                                     0x20000344   Data           4  usbd_msc_scsi.o(.data)
    USR_desc                                 0x20000348   Data          28  usbd_desc.o(.data)
    USBD_DeviceDesc                          0x20000364   Data          18  usbd_desc.o(.data)
    USBD_DeviceQualifierDesc                 0x20000376   Data          10  usbd_desc.o(.data)
    USBD_LangIDDesc                          0x20000380   Data           4  usbd_desc.o(.data)
    USB_STATUS_REG                           0x20000384   Data           1  usbd_storage_msd.o(.data)
    USBD_MICRO_SDIO_fops                     0x20000388   Data          32  usbd_storage_msd.o(.data)
    USBD_STORAGE_fops                        0x200003a8   Data           4  usbd_storage_msd.o(.data)
    bDeviceState                             0x200003ac   Data           1  usbd_usr.o(.data)
    USR_cb                                   0x200003b0   Data          28  usbd_usr.o(.data)
    tempbuff                                 0x200003d8   Data           4  sd_bsp.o(.data)
    __stdout                                 0x200003dc   Data           4  stdout.o(.data)
    tid                                      0x200003e4   Data          40  application.o(.bss)
    fs                                       0x2000040c   Data        4144  application.o(.bss)
    fnew                                     0x2000143c   Data        4132  application.o(.bss)
    ReadBuffer                               0x20002460   Data        1024  application.o(.bss)
    USB_OTG_dev                              0x20002860   Data        1524  application.o(.bss)
    serial1                                  0x20002e54   Data          84  usart.o(.bss)
    serial2                                  0x20002ea8   Data          84  usart.o(.bss)
    serial3                                  0x20002efc   Data          84  usart.o(.bss)
    rt_thread_priority_table                 0x20003470   Data         256  scheduler.o(.bss)
    finsh_heap                               0x20003e34   Data         128  finsh_heap.o(.bss)
    global_node_table                        0x20003eb4   Data         320  finsh_node.o(.bss)
    global_variable                          0x20003ff4   Data         192  finsh_var.o(.bss)
    finsh_vm_stack                           0x200040b4   Data         256  finsh_vm.o(.bss)
    text_segment                             0x200041b4   Data         128  finsh_vm.o(.bss)
    SDCardInfo                               0x20004268   Data          88  bsp_sdio_sd.o(.bss)
    SDIO_InitStructure                       0x200042c0   Data          24  bsp_sdio_sd.o(.bss)
    SDIO_CmdInitStructure                    0x200042d8   Data          20  bsp_sdio_sd.o(.bss)
    SDIO_DataInitStructure                   0x200042ec   Data          24  bsp_sdio_sd.o(.bss)
    USBD_StrDesc                             0x20004304   Data          64  usbd_req.o(.bss)
    MSC_BOT_Data                             0x20004344   Data       12288  usbd_msc_bot.o(.bss)
    MSC_BOT_cbw                              0x20007344   Data          32  usbd_msc_bot.o(.bss)
    MSC_BOT_csw                              0x20007364   Data          16  usbd_msc_bot.o(.bss)
    SCSI_Sense                               0x20007374   Data          32  usbd_msc_scsi.o(.bss)
    USB_SDIO_InitStructure                   0x20007394   Data          24  sd_bsp.o(.bss)
    USB_SDIO_CmdInitStructure                0x200073ac   Data          20  sd_bsp.o(.bss)
    USB_SDIO_DataInitStructure               0x200073c0   Data          24  sd_bsp.o(.bss)
    SDIO_DATA_BUFFER                         0x200073f8   Data         512  sd_bsp.o(.bss)
    Image$$RW_IRAM1$$ZI$$Limit               0x200165f8   Number         0  anon$$obj.o ABSOLUTE
    __initial_sp                             0x200165f8   Data           0  startup_stm32f4xx.o(STACK)



==============================================================================

Memory Map of the image

  Image Entry point : 0x08000189

  Load Region LR_IROM1 (Base: 0x08000000, Size: 0x0004622c, Max: 0x00100000, ABSOLUTE, COMPRESSED[0x00046014])

    Execution Region ER_IROM1 (Base: 0x08000000, Size: 0x00045e48, Max: 0x00100000, ABSOLUTE)

    Base Addr    Size         Type   Attr      Idx    E Section Name        Object

    0x08000000   0x00000188   Data   RO          862    RESET               startup_stm32f4xx.o
    0x08000188   0x00000000   Code   RO         2011  * .ARM.Collect$$$$00000000  mc_w.l(entry.o)
    0x08000188   0x00000004   Code   RO         2295    .ARM.Collect$$$$00000001  mc_w.l(entry2.o)
    0x0800018c   0x00000004   Code   RO         2298    .ARM.Collect$$$$00000004  mc_w.l(entry5.o)
    0x08000190   0x00000000   Code   RO         2300    .ARM.Collect$$$$00000008  mc_w.l(entry7b.o)
    0x08000190   0x00000000   Code   RO         2302    .ARM.Collect$$$$0000000A  mc_w.l(entry8b.o)
    0x08000190   0x00000008   Code   RO         2303    .ARM.Collect$$$$0000000B  mc_w.l(entry9a.o)
    0x08000198   0x00000000   Code   RO         2305    .ARM.Collect$$$$0000000D  mc_w.l(entry10a.o)
    0x08000198   0x00000000   Code   RO         2307    .ARM.Collect$$$$0000000F  mc_w.l(entry11a.o)
    0x08000198   0x00000004   Code   RO         2296    .ARM.Collect$$$$00002712  mc_w.l(entry2.o)
    0x0800019c   0x00000290   Code   RO            2    .text               application.o
    0x0800042c   0x000000cc   Code   RO          228    .text               startup.o
    0x080004f8   0x000000b4   Code   RO          245    .text               board.o
    0x080005ac   0x00000010   Code   RO          272    .text               stm32f4xx_it.o
    0x080005bc   0x000005e4   Code   RO          288    .text               usart.o
    0x08000ba0   0x0000010c   Code   RO          321    .text               gpio.o
    0x08000cac   0x00000210   Code   RO          341    .text               system_stm32f4xx.o
    0x08000ebc   0x000001ec   Code   RO          363    .text               misc.o
    0x080010a8   0x000013cc   Code   RO          539    .text               stm32f4xx_dma.o
    0x08002474   0x00000916   Code   RO          603    .text               stm32f4xx_gpio.o
    0x08002d8a   0x00000002   PAD
    0x08002d8c   0x00000d7c   Code   RO          715    .text               stm32f4xx_rcc.o
    0x08003b08   0x0000065c   Code   RO          765    .text               stm32f4xx_sdio.o
    0x08004164   0x00000eb4   Code   RO          829    .text               stm32f4xx_usart.o
    0x08005018   0x00000024   Code   RO          863    .text               startup_stm32f4xx.o
    0x0800503c   0x00000060   Code   RO          867    .text               clock.o
    0x0800509c   0x00000324   Code   RO          899    .text               device.o
    0x080053c0   0x00000134   Code   RO          913    .text               idle.o
    0x080054f4   0x00001654   Code   RO          933    .text               ipc.o
    0x08006b48   0x00000048   Code   RO          950    .text               irq.o
    0x08006b90   0x00000a4c   Code   RO          965    .text               kservice.o
    0x080075dc   0x00000874   Code   RO          985    .text               mem.o
    0x08007e50   0x000002dc   Code   RO         1036    .text               object.o
    0x0800812c   0x000002e8   Code   RO         1055    .text               scheduler.o
    0x08008414   0x00000598   Code   RO         1076    .text               thread.o
    0x080089ac   0x0000045c   Code   RO         1093    .text               timer.o
    0x08008e08   0x00000190   Code   RO         1112    .text               cpuport.o
    0x08008f98   0x0000010c   Code   RO         1128    .text               context_rvds.o
    0x080090a4   0x000001a8   Code   RO         1166    .text               pin.o
    0x0800924c   0x00000bb4   Code   RO         1184    .text               serial.o
    0x08009e00   0x000001c8   Code   RO         1198    .text               completion.o
    0x08009fc8   0x00000414   Code   RO         1214    .text               dataqueue.o
    0x0800a3dc   0x000009e4   Code   RO         1329    .text               shell.o
    0x0800adc0   0x00000d4c   Code   RO         1364    .text               cmd.o
    0x0800bb0c   0x00001818   Code   RO         1388    .text               finsh_compiler.o
    0x0800d324   0x0000002c   Code   RO         1425    .text               finsh_error.o
    0x0800d350   0x00000210   Code   RO         1441    .text               finsh_heap.o
    0x0800d560   0x00000058   Code   RO         1457    .text               finsh_init.o
    0x0800d5b8   0x00000184   Code   RO         1475    .text               finsh_node.o
    0x0800d73c   0x00000adc   Code   RO         1490    .text               finsh_ops.o
    0x0800e218   0x0000097c   Code   RO         1508    .text               finsh_parser.o
    0x0800eb94   0x0000019c   Code   RO         1523    .text               finsh_var.o
    0x0800ed30   0x000000e4   Code   RO         1546    .text               finsh_vm.o
    0x0800ee14   0x00000680   Code   RO         1573    .text               finsh_token.o
    0x0800f494   0x00000228   Code   RO         1589    .text               diskio.o
    0x0800f6bc   0x00002c84   Code   RO         1614    .text               ff.o
    0x08012340   0x000000d8   Code   RO         1629    .text               cc936.o
    0x08012418   0x00001c94   Code   RO         1653    .text               bsp_sdio_sd.o
    0x080140ac   0x00000770   Code   RO         1676    .text               usb_dcd_int.o
    0x0801481c   0x0000037e   Code   RO         1696    .text               usb_dcd.o
    0x08014b9a   0x00000002   PAD
    0x08014b9c   0x00000fd6   Code   RO         1715    .text               usb_core.o
    0x08015b72   0x00000002   PAD
    0x08015b74   0x000002f8   Code   RO         1731    .text               usbd_core.o
    0x08015e6c   0x000000f4   Code   RO         1759    .text               usbd_ioreq.o
    0x08015f60   0x000006c0   Code   RO         1775    .text               usbd_req.o
    0x08016620   0x00000294   Code   RO         1800    .text               usbd_msc_bot.o
    0x080168b4   0x000001a4   Code   RO         1832    .text               usbd_msc_core.o
    0x08016a58   0x0000078c   Code   RO         1874    .text               usbd_msc_scsi.o
    0x080171e4   0x000000dc   Code   RO         1902    .text               usb_bsp.o
    0x080172c0   0x00000128   Code   RO         1918    .text               usbd_desc.o
    0x080173e8   0x000000d0   Code   RO         1941    .text               usbd_storage_msd.o
    0x080174b8   0x00000168   Code   RO         1968    .text               usbd_usr.o
    0x08017620   0x00001cb4   Code   RO         1992    .text               sd_bsp.o
    0x080192d4   0x00000062   Code   RO         2014    .text               mc_w.l(uldiv.o)
    0x08019336   0x00000062   Code   RO         2016    .text               mc_w.l(ldiv.o)
    0x08019398   0x00000024   Code   RO         2018    .text               mc_w.l(memcpya.o)
    0x080193bc   0x00000024   Code   RO         2020    .text               mc_w.l(memseta.o)
    0x080193e0   0x00000018   Code   RO         2022    .text               mc_w.l(strncpy.o)
    0x080193f8   0x0000000e   Code   RO         2024    .text               mc_w.l(strlen.o)
    0x08019406   0x0000001c   Code   RO         2026    .text               mc_w.l(strcmp.o)
    0x08019422   0x0000001e   Code   RO         2028    .text               mc_w.l(strncmp.o)
    0x08019440   0x0000001a   Code   RO         2293    .text               mc_w.l(atoi.o)
    0x0801945a   0x0000002c   Code   RO         2310    .text               mc_w.l(uidiv.o)
    0x08019486   0x0000001e   Code   RO         2312    .text               mc_w.l(llshl.o)
    0x080194a4   0x00000020   Code   RO         2314    .text               mc_w.l(llushr.o)
    0x080194c4   0x00000070   Code   RO         2323    .text               mc_w.l(strtol.o)
    0x08019534   0x00000024   Code   RO         2336    .text               mc_w.l(init.o)
    0x08019558   0x00000008   Code   RO         2340    .text               mc_w.l(ctype_o.o)
    0x08019560   0x0000009e   Code   RO         2368    .text               mc_w.l(_strtoul.o)
    0x080195fe   0x0000001c   Code   RO         2372    .text               mc_w.l(_chval.o)
    0x0801961a   0x00000056   Code   RO         2382    .text               mc_w.l(__dczerorl2.o)
    0x08019670   0x00000020   Code   RO         2121    i.__0printf$3       mc_w.l(printf3.o)
    0x08019690   0x00000028   Code   RO         2123    i.__0sprintf$3      mc_w.l(printf3.o)
    0x080196b8   0x00000008   Code   RO         2316    i.__aeabi_errno_addr  mc_w.l(errno.o)
    0x080196c0   0x0000000e   Code   RO         2376    i.__scatterload_copy  mc_w.l(handlers.o)
    0x080196ce   0x00000002   Code   RO         2377    i.__scatterload_null  mc_w.l(handlers.o)
    0x080196d0   0x0000000e   Code   RO         2378    i.__scatterload_zeroinit  mc_w.l(handlers.o)
    0x080196de   0x00000002   PAD
    0x080196e0   0x000001b8   Code   RO         2128    i._printf_core      mc_w.l(printf3.o)
    0x08019898   0x0000000a   Code   RO         2130    i._sputc            mc_w.l(printf3.o)
    0x080198a2   0x00000002   PAD
    0x080198a4   0x0000005c   Data   RO          290    .constdata          usart.o
    0x08019900   0x0000036c   Data   RO          322    .constdata          gpio.o
    0x08019c6c   0x000000a8   Data   RO          900    .constdata          device.o
    0x08019d14   0x00000016   Data   RO          915    .constdata          idle.o
    0x08019d2a   0x000001d7   Data   RO          934    .constdata          ipc.o
    0x08019f01   0x00000122   Data   RO          967    .constdata          kservice.o
    0x0801a023   0x00000046   Data   RO          987    .constdata          mem.o
    0x0801a069   0x0000005e   Data   RO         1037    .constdata          object.o
    0x0801a0c7   0x0000004e   Data   RO         1057    .constdata          scheduler.o
    0x0801a115   0x000000aa   Data   RO         1077    .constdata          thread.o
    0x0801a1bf   0x0000005c   Data   RO         1094    .constdata          timer.o
    0x0801a21b   0x00000013   Data   RO         1113    .constdata          cpuport.o
    0x0801a22e   0x00000047   Data   RO         1168    .constdata          pin.o
    0x0801a275   0x00000124   Data   RO         1185    .constdata          serial.o
    0x0801a399   0x00000039   Data   RO         1199    .constdata          completion.o
    0x0801a3d2   0x0000004b   Data   RO         1215    .constdata          dataqueue.o
    0x0801a41d   0x00000060   Data   RO         1331    .constdata          shell.o
    0x0801a47d   0x00000003   PAD
    0x0801a480   0x00000050   Data   RO         1365    .constdata          cmd.o
    0x0801a4d0   0x000000c4   Data   RO         1491    .constdata          finsh_ops.o
    0x0801a594   0x00000040   Data   RO         1574    .constdata          finsh_token.o
    0x0801a5d4   0x0000003a   Data   RO         1615    .constdata          ff.o
    0x0801a60e   0x0002b0c0   Data   RO         1630    .constdata          cc936.o
    0x080456ce   0x00000017   Data   RO         1858    .constdata          usbd_msc_data.o
    0x080456e5   0x00000024   Data   RO         1942    .constdata          usbd_storage_msd.o
    0x08045709   0x00000081   Data   RO         2341    .constdata          mc_w.l(ctype_o.o)
    0x0804578a   0x00000002   PAD
    0x0804578c   0x00000004   Data   RO         2342    .constdata          mc_w.l(ctype_o.o)
    0x08045790   0x000000ed   Data   RO          988    .conststring        mem.o
    0x0804587d   0x00000003   PAD
    0x08045880   0x0000015d   Data   RO         1366    .conststring        cmd.o
    0x080459dd   0x00000003   PAD
    0x080459e0   0x000000f3   Data   RO         1426    .conststring        finsh_error.o
    0x08045ad3   0x00000001   PAD
    0x08045ad4   0x0000003e   Data   RO         1575    .conststring        finsh_token.o
    0x08045b12   0x00000027   Data   RO          990    .rodata.name        mem.o
    0x08045b39   0x00000069   Data   RO         1169    .rodata.name        pin.o
    0x08045ba2   0x000001b3   Data   RO         1368    .rodata.name        cmd.o
    0x08045d55   0x00000003   PAD
    0x08045d58   0x0000000c   Data   RO          991    FSymTab             mem.o
    0x08045d64   0x00000024   Data   RO         1170    FSymTab             pin.o
    0x08045d88   0x00000090   Data   RO         1369    FSymTab             cmd.o
    0x08045e18   0x00000020   Data   RO         2374    Region$$Table       anon$$obj.o
    0x08045e38   0x00000010   Data   RO         1370    VSymTab             cmd.o


    Execution Region RW_IRAM1 (Base: 0x20000000, Size: 0x000165f8, Max: 0x00020000, ABSOLUTE, COMPRESSED[0x000001cc])

    Base Addr    Size         Type   Attr      Idx    E Section Name        Object

    0x20000000   0x00000052   Data   RW            4    .data               application.o
    0x20000052   0x00000002   PAD
    0x20000054   0x00000060   Data   RW          291    .data               usart.o
    0x200000b4   0x00000014   Data   RW          342    .data               system_stm32f4xx.o
    0x200000c8   0x00000010   Data   RW          716    .data               stm32f4xx_rcc.o
    0x200000d8   0x00000004   Data   RW          868    .data               clock.o
    0x200000dc   0x00000004   Data   RW          916    .data               idle.o
    0x200000e0   0x00000001   Data   RW          951    .data               irq.o
    0x200000e1   0x00000003   PAD
    0x200000e4   0x0000000c   Data   RW          968    .data               kservice.o
    0x200000f0   0x00000020   Data   RW          989    .data               mem.o
    0x20000110   0x000000a4   Data   RW         1038    .data               object.o
    0x200001b4   0x0000001c   Data   RW         1058    .data               scheduler.o
    0x200001d0   0x00000010   Data   RW         1095    .data               timer.o
    0x200001e0   0x00000010   Data   RW         1114    .data               cpuport.o
    0x200001f0   0x00000004   Data   RW         1186    .data               serial.o
    0x200001f4   0x00000004   Data   RW         1332    .data               shell.o
    0x200001f8   0x00000010   Data   RW         1351    .data               symbol.o
    0x20000208   0x00000004   Data   RW         1367    .data               cmd.o
    0x2000020c   0x00000008   Data   RW         1389    .data               finsh_compiler.o
    0x20000214   0x00000040   Data   RW         1427    .data               finsh_error.o
    0x20000254   0x00000008   Data   RW         1443    .data               finsh_heap.o
    0x2000025c   0x00000004   Data   RW         1525    .data               finsh_var.o
    0x20000260   0x0000000c   Data   RW         1548    .data               finsh_vm.o
    0x2000026c   0x0000000a   Data   RW         1616    .data               ff.o
    0x20000276   0x00000002   PAD
    0x20000278   0x00000018   Data   RW         1655    .data               bsp_sdio_sd.o
    0x20000290   0x00000034   Data   RW         1732    .data               usbd_core.o
    0x200002c4   0x0000000d   Data   RW         1777    .data               usbd_req.o
    0x200002d1   0x00000001   PAD
    0x200002d2   0x00000004   Data   RW         1802    .data               usbd_msc_bot.o
    0x200002d6   0x00000002   PAD
    0x200002d8   0x0000004e   Data   RW         1833    .data               usbd_msc_core.o
    0x20000326   0x00000002   PAD
    0x20000328   0x00000020   Data   RW         1876    .data               usbd_msc_scsi.o
    0x20000348   0x0000003c   Data   RW         1919    .data               usbd_desc.o
    0x20000384   0x00000028   Data   RW         1943    .data               usbd_storage_msd.o
    0x200003ac   0x00000020   Data   RW         1969    .data               usbd_usr.o
    0x200003cc   0x00000010   Data   RW         1994    .data               sd_bsp.o
    0x200003dc   0x00000004   Data   RW         2309    .data               mc_w.l(stdout.o)
    0x200003e0   0x00000004   Data   RW         2319    .data               mc_w.l(errno.o)
    0x200003e4   0x00002a70   Zero   RW            3    .bss                application.o
    0x20002e54   0x000000fc   Zero   RW          289    .bss                usart.o
    0x20002f50   0x00000480   Zero   RW          914    .bss                idle.o
    0x200033d0   0x00000080   Zero   RW          966    .bss                kservice.o
    0x20003450   0x00000020   Zero   RW          986    .bss                mem.o
    0x20003470   0x00000100   Zero   RW         1056    .bss                scheduler.o
    0x20003570   0x00000044   Zero   RW         1167    .bss                pin.o
    0x200035b4   0x00000880   Zero   RW         1330    .bss                shell.o
    0x20003e34   0x00000080   Zero   RW         1442    .bss                finsh_heap.o
    0x20003eb4   0x00000140   Zero   RW         1476    .bss                finsh_node.o
    0x20003ff4   0x000000c0   Zero   RW         1524    .bss                finsh_var.o
    0x200040b4   0x00000180   Zero   RW         1547    .bss                finsh_vm.o
    0x20004234   0x00000004   PAD
    0x20004238   0x000000cc   Zero   RW         1654    .bss                bsp_sdio_sd.o
    0x20004304   0x00000040   Zero   RW         1776    .bss                usbd_req.o
    0x20004344   0x00003030   Zero   RW         1801    .bss                usbd_msc_bot.o
    0x20007374   0x00000020   Zero   RW         1875    .bss                usbd_msc_scsi.o
    0x20007394   0x00000264   Zero   RW         1993    .bss                sd_bsp.o
    0x200075f8   0x0000f000   Zero   RW          860    STACK               startup_stm32f4xx.o


==============================================================================

Image component sizes


      Code (inc. data)   RO Data    RW Data    ZI Data      Debug   Object Name

       656        100          0         82      10864     300394   application.o
       180         16          0          0          0      19303   board.o
      7316        238          0         24        204      26215   bsp_sdio_sd.o
       216         16     176320          0          0       2169   cc936.o
        96          4          0          4          0       1568   clock.o
      3404       1298       1024          4          0      11511   cmd.o
       456        124         57          0          0       3099   completion.o
       268         24          0          0          0        792   context_rvds.o
       400        188         19         16          0       3691   cpuport.o
      1044        114         75          0          0       6273   dataqueue.o
       804        132        168          0          0       4901   device.o
       552         10          0          0          0      12355   diskio.o
     11396        122         58         10          0      29074   ff.o
      6168        154          0          8          0      10814   finsh_compiler.o
        44         10        243         64          0       1661   finsh_error.o
       528         18          0          8        128       3387   finsh_heap.o
        88          6          0          0          0       1636   finsh_init.o
       388          4          0          0        320       3412   finsh_node.o
      2780         36        196          0          0       8792   finsh_ops.o
      2428         32          0          0          0       9733   finsh_parser.o
      1664         16        126          0          0       6208   finsh_token.o
       412         18          0          4        192       7345   finsh_var.o
       228         34          0         12        384       6942   finsh_vm.o
       268         12        876          0          0       2600   gpio.o
       308         74         22          4       1152       3087   idle.o
      5716        422        471          0          0      20351   ipc.o
        72          6          0          1          0       1346   irq.o
      2636        230        290         12        128      11928   kservice.o
      2164        560        358         32         32      11030   mem.o
       492         74          0          0          0       2125   misc.o
       732        150         94        164          0       5976   object.o
       424         82        212          0         68       3976   pin.o
       744        150         78         28        256       4941   scheduler.o
      7348        276          0         16        612      15494   sd_bsp.o
      2996        438        292          4          0       9149   serial.o
      2532        276         96          4       2176       6039   shell.o
       204         98          0          0          0       1351   startup.o
        36          8        392          0      61440        888   startup_stm32f4xx.o
      5068        352          0          0          0       9049   stm32f4xx_dma.o
      2326        132          0          0          0       5505   stm32f4xx_gpio.o
        16          0          0          0          0        836   stm32f4xx_it.o
      3452        262          0         16          0      13603   stm32f4xx_rcc.o
      1628         88          0          0          0       8492   stm32f4xx_sdio.o
      3764        164          0          0          0      10184   stm32f4xx_usart.o
         0          0          0         16          0       4281   symbol.o
       528         46          0         20          0       2019   system_stm32f4xx.o
      1432        206        170          0          0       7817   thread.o
      1116        100         92         16          0       7095   timer.o
      1508        154         92         96        252      27039   usart.o
       220          6          0          0          0       2769   usb_bsp.o
      4054         10          0          0          0      13008   usb_core.o
       894          0          0          0          0       4716   usb_dcd.o
      1904         22          0          0          0       5075   usb_dcd_int.o
       760          6          0         52          0       5590   usbd_core.o
       296        120          0         60          0       3668   usbd_desc.o
       244          0          0          0          0       2866   usbd_ioreq.o
       660         36          0          4      12336       4829   usbd_msc_bot.o
       420         18          0         78          0       3091   usbd_msc_core.o
         0          0         23          0          0        801   usbd_msc_data.o
      1932        104          0         32         32       8899   usbd_msc_scsi.o
      1728         50          0         13         64       5717   usbd_req.o
       208         10         36         40          0      12374   usbd_storage_msd.o
       360        246          0         32          0       1840   usbd_usr.o

    ----------------------------------------------------------------------
    102712       7702     181925        988      90644     752719   Object Totals
         0          0         32          0          0          0   (incl. Generated)
         6          0         13         12          4          0   (incl. Padding)

    ----------------------------------------------------------------------

      Code (inc. data)   RO Data    RW Data    ZI Data      Debug   Library Member Name

        86          0          0          0          0          0   __dczerorl2.o
        28          0          0          0          0         68   _chval.o
       158          0          0          0          0         92   _strtoul.o
        26          0          0          0          0         80   atoi.o
         8          4        133          0          0         68   ctype_o.o
         0          0          0          0          0          0   entry.o
         0          0          0          0          0          0   entry10a.o
         0          0          0          0          0          0   entry11a.o
         8          4          0          0          0          0   entry2.o
         4          0          0          0          0          0   entry5.o
         0          0          0          0          0          0   entry7b.o
         0          0          0          0          0          0   entry8b.o
         8          4          0          0          0          0   entry9a.o
         8          4          0          4          0         68   errno.o
        30          0          0          0          0          0   handlers.o
        36          8          0          0          0         68   init.o
        98          0          0          0          0         84   ldiv.o
        30          0          0          0          0         68   llshl.o
        32          0          0          0          0         68   llushr.o
        36          0          0          0          0         68   memcpya.o
        36          0          0          0          0        108   memseta.o
       522         20          0          0          0        336   printf3.o
         0          0          0          4          0          0   stdout.o
        28          0          0          0          0         76   strcmp.o
        14          0          0          0          0         68   strlen.o
        30          0          0          0          0         80   strncmp.o
        24          0          0          0          0         76   strncpy.o
       112          0          0          0          0         88   strtol.o
        44          0          0          0          0         80   uidiv.o
        98          0          0          0          0         92   uldiv.o

    ----------------------------------------------------------------------
      1508         44        135          8          0       1736   Library Totals
         4          0          2          0          0          0   (incl. Padding)

    ----------------------------------------------------------------------

      Code (inc. data)   RO Data    RW Data    ZI Data      Debug   Library Name

      1504         44        133          8          0       1736   mc_w.l

    ----------------------------------------------------------------------
      1508         44        135          8          0       1736   Library Totals

    ----------------------------------------------------------------------

==============================================================================


      Code (inc. data)   RO Data    RW Data    ZI Data      Debug   

    104220       7746     182060        996      90644     741855   Grand Totals
    104220       7746     182060        460      90644     741855   ELF Image Totals (compressed)
    104220       7746     182060        460          0          0   ROM Totals

==============================================================================

    Total RO  Size (Code + RO Data)               286280 ( 279.57kB)
    Total RW  Size (RW Data + ZI Data)             91640 (  89.49kB)
    Total ROM Size (Code + RO Data + RW Data)     286740 ( 280.02kB)

==============================================================================

